AUDIT_3D_BLENDER [1/178] assets/models/animations/anim_library.glb
12:11:25 | INFO: Data are loaded, start creating Blender stuff
12:11:25 | INFO: Blender create Mesh node Mannequin
12:11:31 | INFO: glTF import finished in 6.33s
AUDIT_3D_BLENDER [2/178] assets/models/architecture/bld_blacksmith.glb
12:11:32 | INFO: Data are loaded, start creating Blender stuff
12:11:32 | INFO: Blender create Mesh node Mesh
12:11:32 | INFO: glTF import finished in 0.18s
AUDIT_3D_BLENDER [3/178] assets/models/architecture/bld_cottage.glb
12:11:32 | INFO: Data are loaded, start creating Blender stuff
12:11:32 | INFO: Blender create Mesh node Mesh
12:11:32 | INFO: glTF import finished in 0.05s
AUDIT_3D_BLENDER [4/178] assets/models/architecture/bld_house_a.glb
12:11:32 | INFO: Data are loaded, start creating Blender stuff
12:11:32 | INFO: Blender create Mesh node House_1
12:11:32 | INFO: glTF import finished in 0.15s
AUDIT_3D_BLENDER [5/178] assets/models/architecture/bld_house_b.glb
12:11:33 | INFO: Data are loaded, start creating Blender stuff
12:11:33 | INFO: Blender create Mesh node Farm_SecondAge_Level3
12:11:33 | INFO: glTF import finished in 0.04s
AUDIT_3D_BLENDER [6/178] assets/models/architecture/bld_inn.glb
12:11:33 | INFO: Data are loaded, start creating Blender stuff
12:11:33 | INFO: Blender create Mesh node Mesh
12:11:33 | INFO: glTF import finished in 0.14s
AUDIT_3D_BLENDER [7/178] assets/models/characters/chr_player_base.glb
12:11:34 | INFO: Data are loaded, start creating Blender stuff
12:11:34 | INFO: Blender create Mesh node Adventurer_Body
12:11:34 | INFO: Blender create Mesh node Adventurer_Feet
12:11:34 | INFO: Blender create Mesh node Adventurer_Head
12:11:34 | INFO: Blender create Mesh node Adventurer_Legs
12:11:34 | INFO: Blender create Mesh node Backpack
12:11:35 | INFO: glTF import finished in 1.89s
AUDIT_3D_BLENDER [8/178] assets/models/characters/fp_arm.glb
12:11:36 | INFO: Data are loaded, start creating Blender stuff
12:11:36 | INFO: Blender create Mesh node Adventurer_Body.001
12:11:36 | INFO: glTF import finished in 0.02s
AUDIT_3D_BLENDER [9/178] assets/models/characters/fp_arm_left.glb
12:11:36 | INFO: Data are loaded, start creating Blender stuff
12:11:36 | INFO: Blender create Mesh node Adventurer_Body.002
12:11:36 | INFO: Blender create Mesh node Right_SleeveMesh.001
12:11:36 | INFO: Blender create Mesh node Right_BracerMesh.001
12:11:36 | INFO: Blender create Mesh node Torus.002
12:11:36 | INFO: Blender create Mesh node Torus.003
12:11:36 | INFO: glTF import finished in 0.04s
AUDIT_3D_BLENDER [10/178] assets/models/characters/fp_arm_right.glb
12:11:36 | INFO: Data are loaded, start creating Blender stuff
12:11:36 | INFO: Blender create Mesh node Adventurer_Body.001
12:11:36 | INFO: Blender create Mesh node Right_SleeveMesh
12:11:36 | INFO: Blender create Mesh node Right_BracerMesh
12:11:36 | INFO: Blender create Mesh node Torus
12:11:36 | INFO: Blender create Mesh node Torus.001
12:11:36 | INFO: glTF import finished in 0.03s
AUDIT_3D_BLENDER [11/178] assets/models/characters/npc_adventurer_f.glb
12:11:36 | INFO: Data are loaded, start creating Blender stuff
12:11:36 | INFO: Blender create Mesh node Adventurer_Body
12:11:36 | INFO: Blender create Mesh node Adventurer_Feet
12:11:36 | INFO: Blender create Mesh node Adventurer_Head
12:11:36 | INFO: Blender create Mesh node Adventurer_Legs
12:11:37 | INFO: glTF import finished in 0.83s
AUDIT_3D_BLENDER [12/178] assets/models/characters/npc_guild_rep.glb
12:11:37 | INFO: Data are loaded, start creating Blender stuff
12:11:37 | INFO: Blender create Mesh node King_Body
12:11:38 | INFO: Blender create Mesh node King_Feet
12:11:38 | INFO: Blender create Mesh node King_Head
12:11:38 | INFO: Blender create Mesh node King_Legs
12:11:40 | INFO: glTF import finished in 2.14s
AUDIT_3D_BLENDER [13/178] assets/models/characters/npc_hooded.glb
12:11:40 | INFO: Data are loaded, start creating Blender stuff
12:11:40 | INFO: Blender create Mesh node Sword
12:11:40 | INFO: Blender create Mesh node Medieval_Body
12:11:40 | INFO: Blender create Mesh node Medieval_Feet
12:11:40 | INFO: Blender create Mesh node Medieval_Head
12:11:40 | INFO: Blender create Mesh node Medieval_Legs
12:11:41 | INFO: glTF import finished in 0.73s
AUDIT_3D_BLENDER [14/178] assets/models/characters/npc_innkeeper.glb
12:11:41 | INFO: Data are loaded, start creating Blender stuff
12:11:41 | INFO: Blender create Mesh node Adventurer_Body
12:11:41 | INFO: Blender create Mesh node Adventurer_Feet
12:11:41 | INFO: Blender create Mesh node Adventurer_Head
12:11:41 | INFO: Blender create Mesh node Adventurer_Legs
12:11:43 | INFO: glTF import finished in 2.28s
AUDIT_3D_BLENDER [15/178] assets/models/characters/npc_kael.glb
12:11:44 | INFO: Data are loaded, start creating Blender stuff
12:11:44 | INFO: Blender create Mesh node NurbsPath.001
12:11:44 | INFO: Blender create Mesh node Rogue
12:11:44 | INFO: Blender create Mesh node Rogue.001
12:11:44 | INFO: glTF import finished in 0.49s
AUDIT_3D_BLENDER [16/178] assets/models/characters/npc_merchant_f.glb
12:11:45 | INFO: Data are loaded, start creating Blender stuff
12:11:45 | INFO: Blender create Mesh node Casual_Body
12:11:45 | INFO: Blender create Mesh node Casual_Feet
12:11:45 | INFO: Blender create Mesh node Casual_Head
12:11:45 | INFO: Blender create Mesh node Casual_Legs
12:11:45 | INFO: glTF import finished in 0.86s
AUDIT_3D_BLENDER [17/178] assets/models/characters/npc_merchant_m.glb
12:11:46 | INFO: Data are loaded, start creating Blender stuff
12:11:46 | INFO: Blender create Mesh node Adventurer_Feet
12:11:46 | INFO: Blender create Mesh node Adventurer_Legs
12:11:46 | INFO: Blender create Mesh node Adventurer_Body
12:11:46 | INFO: Blender create Mesh node Adventurer_Head
12:11:46 | INFO: Blender create Mesh node Backpack
12:11:47 | INFO: glTF import finished in 1.15s
AUDIT_3D_BLENDER [18/178] assets/models/characters/npc_townsman.glb
12:11:47 | INFO: Data are loaded, start creating Blender stuff
12:11:47 | INFO: Blender create Mesh node Worker_Feet
12:11:47 | INFO: Blender create Mesh node Worker_Legs
12:11:47 | INFO: Blender create Mesh node Worker_Body
12:11:47 | INFO: Blender create Mesh node Worker_Head
12:11:48 | INFO: glTF import finished in 0.88s
AUDIT_3D_BLENDER [19/178] assets/models/characters/npc_townswoman.glb
12:11:48 | INFO: Data are loaded, start creating Blender stuff
12:11:48 | INFO: Blender create Mesh node Formad_Head
12:11:48 | INFO: Blender create Mesh node Formal_Body
12:11:49 | INFO: Blender create Mesh node Formal_Feet
12:11:49 | INFO: Blender create Mesh node Formal_Legs
12:11:49 | INFO: glTF import finished in 0.87s
AUDIT_3D_BLENDER [20/178] assets/models/characters/npc_vendor.glb
12:11:50 | INFO: Data are loaded, start creating Blender stuff
12:11:50 | INFO: Blender create Mesh node Farmer_Body
12:11:50 | INFO: Blender create Mesh node Farmer_Feet
12:11:50 | INFO: Blender create Mesh node Farmer_Head
12:11:50 | INFO: Blender create Mesh node Farmer_Pants
12:11:52 | INFO: glTF import finished in 1.78s
AUDIT_3D_BLENDER [21/178] assets/models/characters/npc_woman_dress.glb
12:11:52 | INFO: Data are loaded, start creating Blender stuff
12:11:52 | INFO: Blender create Mesh node Female
12:11:52 | INFO: glTF import finished in 0.09s
AUDIT_3D_BLENDER [22/178] assets/models/creatures/boss_iron_king.glb
12:11:52 | INFO: Data are loaded, start creating Blender stuff
12:11:52 | INFO: Blender create Mesh node King_Feet
12:11:52 | INFO: Blender create Mesh node King_Legs
12:11:52 | INFO: Blender create Mesh node King_Body
12:11:52 | INFO: Blender create Mesh node King_Head
12:11:52 | INFO: glTF import finished in 0.36s
AUDIT_3D_BLENDER [23/178] assets/models/creatures/enm_ancient_dragon.glb
12:11:52 | INFO: Data are loaded, start creating Blender stuff
12:11:52 | INFO: Blender create Mesh node Dragon
12:11:53 | INFO: glTF import finished in 0.16s
AUDIT_3D_BLENDER [24/178] assets/models/creatures/enm_arcane_echo.glb
12:11:53 | INFO: Data are loaded, start creating Blender stuff
12:11:53 | INFO: Blender create Mesh node Hywirl
12:11:53 | INFO: glTF import finished in 0.13s
AUDIT_3D_BLENDER [25/178] assets/models/creatures/enm_ash_dragon.glb
12:11:53 | INFO: Data are loaded, start creating Blender stuff
12:11:53 | INFO: Blender create Mesh node Dragon_Fly
12:11:53 | INFO: glTF import finished in 0.06s
AUDIT_3D_BLENDER [26/178] assets/models/creatures/enm_ash_maw.glb
12:11:53 | INFO: Data are loaded, start creating Blender stuff
12:11:53 | INFO: Blender create Mesh node Cone.008
12:11:53 | INFO: Blender create Mesh node Cone.009
12:11:53 | INFO: Blender create Mesh node Cone.010
12:11:53 | INFO: Blender create Mesh node Cone.004
12:11:53 | INFO: Blender create Mesh node Cone.005
12:11:53 | INFO: Blender create Mesh node Cone.006
12:11:53 | INFO: Blender create Mesh node Cone.007
12:11:53 | INFO: Blender create Mesh node Icosphere.001
12:11:53 | INFO: Blender create Mesh node Torus
12:11:53 | INFO: Blender create Mesh node Icosphere
12:11:53 | INFO: Blender create Mesh node Cone
12:11:53 | INFO: Blender create Mesh node Cone.001
12:11:53 | INFO: Blender create Mesh node Cone.002
12:11:53 | INFO: Blender create Mesh node Cone.003
12:11:53 | INFO: glTF import finished in 0.05s
AUDIT_3D_BLENDER [27/178] assets/models/creatures/enm_ashen_acolyte.glb
12:11:53 | INFO: Data are loaded, start creating Blender stuff
12:11:53 | INFO: Blender create Mesh node enm_ashen_acolyte
12:11:53 | INFO: glTF import finished in 0.03s
AUDIT_3D_BLENDER [28/178] assets/models/creatures/enm_ashfall_elk.glb
12:11:53 | INFO: Data are loaded, start creating Blender stuff
12:11:53 | INFO: Blender create Mesh node Stag
12:11:53 | INFO: Blender create Mesh node Stag_Horns
12:11:54 | INFO: glTF import finished in 0.45s
AUDIT_3D_BLENDER [29/178] assets/models/creatures/enm_bandit.glb
12:11:54 | INFO: Data are loaded, start creating Blender stuff
12:11:54 | INFO: Blender create Mesh node Casual_Body
12:11:54 | INFO: Blender create Mesh node Casual_Feet
12:11:54 | INFO: Blender create Mesh node Casual_Head
12:11:54 | INFO: Blender create Mesh node Casual_Legs
12:11:55 | INFO: glTF import finished in 0.75s
AUDIT_3D_BLENDER [30/178] assets/models/creatures/enm_barrow_wight.glb
12:11:55 | INFO: Data are loaded, start creating Blender stuff
12:11:55 | INFO: Blender create Mesh node Ghost
12:11:55 | INFO: glTF import finished in 0.13s
AUDIT_3D_BLENDER [31/178] assets/models/creatures/enm_bone_knight.glb
12:11:55 | INFO: Data are loaded, start creating Blender stuff
12:11:55 | INFO: Blender create Mesh node Ghost_Skull
12:11:55 | INFO: glTF import finished in 0.13s
AUDIT_3D_BLENDER [32/178] assets/models/creatures/enm_cinder_thrall.glb
12:11:55 | INFO: Data are loaded, start creating Blender stuff
12:11:55 | INFO: Blender create Mesh node BlueDemon
12:11:55 | INFO: glTF import finished in 0.27s
AUDIT_3D_BLENDER [33/178] assets/models/creatures/enm_cinder_wisp.glb
12:11:55 | INFO: Data are loaded, start creating Blender stuff
12:11:55 | INFO: Blender create Mesh node Icosphere.001
12:11:55 | INFO: Blender create Mesh node Icosphere.002
12:11:55 | INFO: Blender create Mesh node Icosphere.003
12:11:55 | INFO: Blender create Mesh node Icosphere.004
12:11:55 | INFO: Blender create Mesh node Icosphere.005
12:11:55 | INFO: Blender create Mesh node Icosphere
12:11:55 | INFO: Blender create Mesh node Cone
12:11:55 | INFO: Blender create Mesh node Cone.001
12:11:55 | INFO: Blender create Mesh node Cone.002
12:11:55 | INFO: glTF import finished in 0.06s
AUDIT_3D_BLENDER [34/178] assets/models/creatures/enm_clan_beast_tamer.glb
12:11:56 | INFO: Data are loaded, start creating Blender stuff
12:11:56 | INFO: Blender create Mesh node Tribal_Flying
12:11:56 | INFO: glTF import finished in 0.45s
AUDIT_3D_BLENDER [35/178] assets/models/creatures/enm_clan_raider.glb
12:11:56 | INFO: Data are loaded, start creating Blender stuff
12:11:56 | INFO: Blender create Mesh node Tribal_Flying
12:11:57 | INFO: glTF import finished in 0.45s
AUDIT_3D_BLENDER [36/178] assets/models/creatures/enm_clan_shaman.glb
12:11:57 | INFO: Data are loaded, start creating Blender stuff
12:11:57 | INFO: Blender create Mesh node Wizard_Blob
12:11:57 | INFO: Blender create Mesh node Wizard_Blob.001
12:11:57 | INFO: glTF import finished in 0.09s
AUDIT_3D_BLENDER [37/178] assets/models/creatures/enm_dire_wolf.glb
12:11:57 | INFO: Data are loaded, start creating Blender stuff
12:11:57 | INFO: Blender create Mesh node Wolf
12:11:59 | INFO: glTF import finished in 1.89s
AUDIT_3D_BLENDER [38/178] assets/models/creatures/enm_frost_drake.glb
12:11:59 | INFO: Data are loaded, start creating Blender stuff
12:11:59 | INFO: Blender create Mesh node Dragon_Fly
12:11:59 | INFO: glTF import finished in 0.17s
AUDIT_3D_BLENDER [39/178] assets/models/creatures/enm_frost_stalker.glb
12:12:00 | INFO: Data are loaded, start creating Blender stuff
12:12:00 | INFO: Blender create Mesh node Cube
12:12:01 | INFO: glTF import finished in 1.73s
AUDIT_3D_BLENDER [40/178] assets/models/creatures/enm_goblin.glb
12:12:02 | INFO: Data are loaded, start creating Blender stuff
12:12:02 | INFO: Blender create Mesh node Orc
12:12:02 | INFO: Blender create Mesh node Orc_Weapon
12:12:03 | INFO: glTF import finished in 0.92s
AUDIT_3D_BLENDER [41/178] assets/models/creatures/enm_grave_shade.glb
12:12:03 | INFO: Data are loaded, start creating Blender stuff
12:12:03 | INFO: Blender create Mesh node Ghost
12:12:03 | INFO: glTF import finished in 0.38s
AUDIT_3D_BLENDER [42/178] assets/models/creatures/enm_hollow_husk.glb
12:12:03 | INFO: Data are loaded, start creating Blender stuff
12:12:03 | INFO: Blender create Mesh node Ghost_Skull
12:12:04 | INFO: glTF import finished in 0.42s
AUDIT_3D_BLENDER [43/178] assets/models/creatures/enm_hollow_necromancer.glb
12:12:04 | INFO: Data are loaded, start creating Blender stuff
12:12:04 | INFO: Blender create Mesh node Wizard_Blob
12:12:04 | INFO: Blender create Mesh node Wizard_Blob.001
12:12:04 | INFO: glTF import finished in 0.07s
AUDIT_3D_BLENDER [44/178] assets/models/creatures/enm_rime_shard.glb
12:12:04 | INFO: Data are loaded, start creating Blender stuff
12:12:04 | INFO: Blender create Mesh node Icosphere
12:12:04 | INFO: Blender create Mesh node Cone
12:12:04 | INFO: Blender create Mesh node Cone.001
12:12:04 | INFO: Blender create Mesh node Cone.002
12:12:04 | INFO: Blender create Mesh node Cone.003
12:12:04 | INFO: Blender create Mesh node Cone.004
12:12:04 | INFO: Blender create Mesh node Cone.005
12:12:04 | INFO: glTF import finished in 0.06s
AUDIT_3D_BLENDER [45/178] assets/models/creatures/enm_ruin_crawler.glb
12:12:04 | INFO: Data are loaded, start creating Blender stuff
12:12:04 | INFO: Blender create Mesh node Cylinder
12:12:04 | INFO: Blender create Mesh node Cylinder.001
12:12:04 | INFO: Blender create Mesh node Cylinder.002
12:12:04 | INFO: Blender create Mesh node Cylinder.003
12:12:04 | INFO: Blender create Mesh node Cylinder.004
12:12:04 | INFO: Blender create Mesh node Cylinder.005
12:12:04 | INFO: Blender create Mesh node Cone
12:12:04 | INFO: Blender create Mesh node Cone.001
12:12:04 | INFO: Blender create Mesh node Icosphere
12:12:04 | INFO: Blender create Mesh node Cube
12:12:04 | INFO: glTF import finished in 0.12s
AUDIT_3D_BLENDER [46/178] assets/models/creatures/enm_soldier.glb
12:12:04 | INFO: Data are loaded, start creating Blender stuff
12:12:04 | INFO: Blender create Mesh node Ninja_Blob.001
12:12:04 | INFO: glTF import finished in 0.07s
AUDIT_3D_BLENDER [47/178] assets/models/creatures/enm_stone_sentinel.glb
12:12:04 | INFO: Data are loaded, start creating Blender stuff
12:12:04 | INFO: Blender create Mesh node Cube.002
12:12:04 | INFO: Blender create Mesh node Cube.003
12:12:04 | INFO: Blender create Mesh node Icosphere
12:12:04 | INFO: Blender create Mesh node Cube.001
12:12:04 | INFO: Blender create Mesh node Cube.004
12:12:04 | INFO: Blender create Mesh node Cube.005
12:12:04 | INFO: Blender create Mesh node Icosphere.001
12:12:04 | INFO: Blender create Mesh node Icosphere.002
12:12:04 | INFO: Blender create Mesh node Cube.006
12:12:04 | INFO: Blender create Mesh node Cube.007
12:12:04 | INFO: Blender create Mesh node Cube
12:12:04 | INFO: glTF import finished in 0.10s
AUDIT_3D_BLENDER [48/178] assets/models/creatures/enm_storm_mote.glb
12:12:04 | INFO: Data are loaded, start creating Blender stuff
12:12:04 | INFO: Blender create Mesh node Torus
12:12:04 | INFO: Blender create Mesh node Torus.001
12:12:04 | INFO: Blender create Mesh node Cone
12:12:04 | INFO: Blender create Mesh node Cone.001
12:12:04 | INFO: Blender create Mesh node Cone.002
12:12:04 | INFO: Blender create Mesh node Cone.003
12:12:04 | INFO: Blender create Mesh node Cone.004
12:12:04 | INFO: Blender create Mesh node Cone.005
12:12:04 | INFO: Blender create Mesh node Icosphere
12:12:04 | INFO: glTF import finished in 0.06s
AUDIT_3D_BLENDER [49/178] assets/models/creatures/enm_syndicate_enforcer.glb
12:12:05 | INFO: Data are loaded, start creating Blender stuff
12:12:05 | INFO: Blender create Mesh node Punk_Body
12:12:05 | INFO: Blender create Mesh node Punk_Feet
12:12:05 | INFO: Blender create Mesh node Punk_Head
12:12:05 | INFO: Blender create Mesh node Punk_Legs
12:12:07 | INFO: glTF import finished in 2.00s
AUDIT_3D_BLENDER [50/178] assets/models/creatures/enm_thornback_boar.glb
12:12:07 | INFO: Data are loaded, start creating Blender stuff
12:12:07 | INFO: Blender create Mesh node Cow
12:12:08 | INFO: glTF import finished in 1.11s
AUDIT_3D_BLENDER [51/178] assets/models/creatures/enm_ward_golem.glb
12:12:08 | INFO: Data are loaded, start creating Blender stuff
12:12:08 | INFO: Blender create Mesh node Cube.002
12:12:08 | INFO: Blender create Mesh node Cube.003
12:12:08 | INFO: Blender create Mesh node Icosphere
12:12:08 | INFO: Blender create Mesh node Cube.001
12:12:08 | INFO: Blender create Mesh node Cube.004
12:12:08 | INFO: Blender create Mesh node Cube.005
12:12:08 | INFO: Blender create Mesh node Cube.006
12:12:08 | INFO: Blender create Mesh node Cube.007
12:12:08 | INFO: Blender create Mesh node Cube
12:12:08 | INFO: Blender create Mesh node Torus
12:12:08 | INFO: glTF import finished in 0.11s
AUDIT_3D_BLENDER [52/178] assets/models/creatures/enm_wild_dragon.glb
12:12:08 | INFO: Data are loaded, start creating Blender stuff
12:12:08 | INFO: Blender create Mesh node Dragon_Fly
12:12:09 | INFO: glTF import finished in 0.19s
AUDIT_3D_BLENDER [53/178] assets/models/creatures/enm_wolf.glb
12:12:09 | INFO: Data are loaded, start creating Blender stuff
12:12:09 | INFO: Blender create Mesh node Wolf
12:12:10 | INFO: glTF import finished in 1.34s
AUDIT_3D_BLENDER [54/178] assets/models/creatures/mnt_horse.glb
12:12:11 | INFO: Data are loaded, start creating Blender stuff
12:12:11 | INFO: Blender create Mesh node Horse
12:12:11 | INFO: glTF import finished in 0.55s
AUDIT_3D_BLENDER [55/178] assets/models/equipment/enemy_identity_kit.glb
12:12:11 | INFO: Data are loaded, start creating Blender stuff
12:12:11 | INFO: Blender create Mesh node Sphere
12:12:11 | INFO: Blender create Mesh node Cone.002
12:12:11 | INFO: Blender create Mesh node Cube.001
12:12:11 | INFO: Blender create Mesh node Cone.010
12:12:11 | INFO: Blender create Mesh node Torus
12:12:11 | INFO: Blender create Mesh node Torus.001
12:12:11 | INFO: Blender create Mesh node Cube.005
12:12:11 | INFO: Blender create Mesh node Cube.006
12:12:11 | INFO: Blender create Mesh node staff
12:12:11 | INFO: Blender create Mesh node rib_0
12:12:11 | INFO: Blender create Mesh node Torus.003
12:12:11 | INFO: Blender create Mesh node Sphere.001
12:12:11 | INFO: Blender create Mesh node Cube.008
12:12:11 | INFO: Blender create Mesh node Cylinder.002
12:12:11 | INFO: Blender create Mesh node Cube.010
12:12:11 | INFO: Blender create Mesh node Cube.011
12:12:11 | INFO: Blender create Mesh node Cube.012
12:12:11 | INFO: Blender create Mesh node Cube.015
12:12:11 | INFO: Blender create Mesh node Cone.022
12:12:11 | INFO: Blender create Mesh node Cone.027
12:12:11 | INFO: Blender create Mesh node Cone.029
12:12:11 | INFO: Blender create Mesh node Cube.019
12:12:11 | INFO: Blender create Mesh node Cube.020
12:12:11 | INFO: Blender create Mesh node Torus.005
12:12:11 | INFO: Blender create Mesh node Cone.041
12:12:11 | INFO: Blender create Mesh node Cone.045
12:12:11 | INFO: Blender create Mesh node Cone.050
12:12:11 | INFO: Blender create Mesh node chain_l
12:12:11 | INFO: Blender create Mesh node Cone.053
12:12:11 | INFO: Blender create Mesh node Cone.056
12:12:11 | INFO: Blender create Mesh node Torus.007
12:12:11 | INFO: Blender create Mesh node Cube.022
12:12:11 | INFO: Blender create Mesh node Cylinder.006
12:12:11 | INFO: Blender create Mesh node king_chain_l
12:12:11 | INFO: Blender create Mesh node Cube.025
12:12:11 | INFO: Blender create Mesh node king_haft
12:12:11 | INFO: Blender create Mesh node Cube.027
12:12:12 | INFO: Blender create Mesh node Cube.028
12:12:12 | INFO: Blender create Mesh node Torus.009
12:12:12 | INFO: Blender create Mesh node Torus.010
12:12:12 | INFO: glTF import finished in 0.41s
AUDIT_3D_BLENDER [56/178] assets/models/equipment/eqp_pauldron_embervale.glb
12:12:12 | INFO: Data are loaded, start creating Blender stuff
12:12:12 | INFO: Blender create Mesh node Cube
12:12:12 | INFO: Blender create Mesh node Cube.001
12:12:12 | INFO: glTF import finished in 0.01s
AUDIT_3D_BLENDER [57/178] assets/models/equipment/eqp_pouch_embervale.glb
12:12:12 | INFO: Data are loaded, start creating Blender stuff
12:12:12 | INFO: Blender create Mesh node Cube
12:12:12 | INFO: Blender create Mesh node Cube.001
12:12:12 | INFO: Blender create Mesh node Cube.002
12:12:12 | INFO: glTF import finished in 0.01s
AUDIT_3D_BLENDER [58/178] assets/models/equipment/npc_kit_embervale.glb
12:12:12 | INFO: Data are loaded, start creating Blender stuff
12:12:12 | INFO: Blender create Mesh node Cube
12:12:12 | INFO: Blender create Mesh node ApronBib
12:12:12 | INFO: Blender create Mesh node Front
12:12:12 | INFO: Blender create Mesh node Front.001
12:12:12 | INFO: Blender create Mesh node Front.002
12:12:12 | INFO: Blender create Mesh node Front.003
12:12:12 | INFO: Blender create Mesh node Front.004
12:12:12 | INFO: Blender create Mesh node Front.005
12:12:12 | INFO: Blender create Mesh node Torus
12:12:12 | INFO: Blender create Mesh node Sphere
12:12:12 | INFO: Blender create Mesh node Torus.001
12:12:12 | INFO: Blender create Mesh node Cube.023
12:12:12 | INFO: Blender create Mesh node Sphere.001
12:12:12 | INFO: Blender create Mesh node Torus.003
12:12:12 | INFO: Blender create Mesh node Cube.027
12:12:12 | INFO: Blender create Mesh node Cylinder.008
12:12:12 | INFO: Blender create Mesh node Torus.005
12:12:12 | INFO: Blender create Mesh node Cylinder.009
12:12:12 | INFO: Blender create Mesh node Cube.029
12:12:12 | INFO: Blender create Mesh node Cylinder.010
12:12:12 | INFO: Blender create Mesh node Cylinder.011
12:12:12 | INFO: Blender create Mesh node Sphere.002
12:12:12 | INFO: glTF import finished in 0.23s
AUDIT_3D_BLENDER [59/178] assets/models/props/prp_arena_wall.glb
12:12:12 | INFO: Data are loaded, start creating Blender stuff
12:12:12 | INFO: Blender create Mesh node Mesh
12:12:12 | INFO: glTF import finished in 0.03s
AUDIT_3D_BLENDER [60/178] assets/models/props/prp_banner_guild.glb
12:12:12 | INFO: Data are loaded, start creating Blender stuff
12:12:12 | INFO: Blender create Mesh node Mesh
12:12:12 | INFO: glTF import finished in 0.01s
AUDIT_3D_BLENDER [61/178] assets/models/props/prp_barrel.glb
12:12:12 | INFO: Data are loaded, start creating Blender stuff
12:12:12 | INFO: Blender create Mesh node Mesh.017
12:12:12 | INFO: glTF import finished in 0.02s
AUDIT_3D_BLENDER [62/178] assets/models/props/prp_bell_tower.glb
12:12:12 | INFO: Data are loaded, start creating Blender stuff
12:12:12 | INFO: Blender create Mesh node Mesh.022
12:12:12 | INFO: glTF import finished in 0.12s
AUDIT_3D_BLENDER [63/178] assets/models/props/prp_bench.glb
12:12:13 | INFO: Data are loaded, start creating Blender stuff
12:12:13 | INFO: Blender create Mesh node Mesh.020
12:12:13 | INFO: glTF import finished in 0.01s
AUDIT_3D_BLENDER [64/178] assets/models/props/prp_boulder.glb
12:12:13 | INFO: Data are loaded, start creating Blender stuff
12:12:13 | INFO: Blender create Mesh node Cube.002_Retopology.001
12:12:13 | INFO: glTF import finished in 0.02s
AUDIT_3D_BLENDER [65/178] assets/models/props/prp_brazier.glb
12:12:13 | INFO: Data are loaded, start creating Blender stuff
12:12:13 | INFO: Blender create Mesh node Mesh
12:12:13 | INFO: glTF import finished in 0.01s
AUDIT_3D_BLENDER [66/178] assets/models/props/prp_bush_flowering.glb
12:12:13 | INFO: Data are loaded, start creating Blender stuff
12:12:13 | INFO: Blender create Mesh node Mesh.027
12:12:13 | INFO: glTF import finished in 0.03s
AUDIT_3D_BLENDER [67/178] assets/models/props/prp_cache_chest.glb
12:12:13 | INFO: Data are loaded, start creating Blender stuff
12:12:13 | INFO: Blender create Mesh node Mesh
12:12:13 | INFO: glTF import finished in 0.03s
AUDIT_3D_BLENDER [68/178] assets/models/props/prp_cache_chest_open.glb
12:12:13 | INFO: Data are loaded, start creating Blender stuff
12:12:13 | INFO: Blender create Mesh node Mesh
12:12:13 | INFO: glTF import finished in 0.21s
AUDIT_3D_BLENDER [69/178] assets/models/props/prp_campfire.glb
12:12:13 | INFO: Data are loaded, start creating Blender stuff
12:12:13 | INFO: Blender create Mesh node Mesh
12:12:14 | INFO: glTF import finished in 0.01s
AUDIT_3D_BLENDER [70/178] assets/models/props/prp_cart.glb
12:12:14 | INFO: Data are loaded, start creating Blender stuff
12:12:14 | INFO: Blender create Mesh node Mesh.016
12:12:14 | INFO: glTF import finished in 0.03s
AUDIT_3D_BLENDER [71/178] assets/models/props/prp_cauldron.glb
12:12:14 | INFO: Data are loaded, start creating Blender stuff
12:12:14 | INFO: Blender create Mesh node Mesh.024
12:12:14 | INFO: glTF import finished in 0.02s
AUDIT_3D_BLENDER [72/178] assets/models/props/prp_clover.glb
12:12:14 | INFO: Data are loaded, start creating Blender stuff
12:12:14 | INFO: Blender create Mesh node Cylinder.018
12:12:14 | INFO: glTF import finished in 0.01s
AUDIT_3D_BLENDER [73/178] assets/models/props/prp_crate.glb
12:12:14 | INFO: Data are loaded, start creating Blender stuff
12:12:14 | INFO: Blender create Mesh node Mesh
12:12:14 | INFO: glTF import finished in 0.02s
AUDIT_3D_BLENDER [74/178] assets/models/props/prp_dock_complex.glb
12:12:14 | INFO: Data are loaded, start creating Blender stuff
12:12:14 | INFO: Blender create Mesh node Port_SecondAge_Level2
12:12:14 | INFO: glTF import finished in 0.09s
AUDIT_3D_BLENDER [75/178] assets/models/props/prp_fence.glb
12:12:14 | INFO: Data are loaded, start creating Blender stuff
12:12:14 | INFO: Blender create Mesh node Mesh.025
12:12:14 | INFO: glTF import finished in 0.01s
AUDIT_3D_BLENDER [76/178] assets/models/props/prp_fern.glb
12:12:14 | INFO: Data are loaded, start creating Blender stuff
12:12:14 | INFO: Blender create Mesh node Plane.023
12:12:14 | INFO: glTF import finished in 0.02s
AUDIT_3D_BLENDER [77/178] assets/models/props/prp_fishing_hut.glb
12:12:14 | INFO: Data are loaded, start creating Blender stuff
12:12:14 | INFO: Blender create Mesh node Storage_FirstAge_Level1
12:12:14 | INFO: glTF import finished in 0.07s
AUDIT_3D_BLENDER [78/178] assets/models/props/prp_flowers_a.glb
12:12:14 | INFO: Data are loaded, start creating Blender stuff
12:12:14 | INFO: Blender create Mesh node Plane.021
12:12:14 | INFO: glTF import finished in 0.03s
AUDIT_3D_BLENDER [79/178] assets/models/props/prp_flowers_b.glb
12:12:14 | INFO: Data are loaded, start creating Blender stuff
12:12:14 | INFO: Blender create Mesh node Plane.003
12:12:14 | INFO: glTF import finished in 0.03s
AUDIT_3D_BLENDER [80/178] assets/models/props/prp_gate_palisade.glb
12:12:14 | INFO: Data are loaded, start creating Blender stuff
12:12:14 | INFO: Blender create Mesh node WallTowers_DoorClosed_FirstAge
12:12:14 | INFO: glTF import finished in 0.04s
AUDIT_3D_BLENDER [81/178] assets/models/props/prp_gazebo.glb
12:12:15 | INFO: Data are loaded, start creating Blender stuff
12:12:15 | INFO: Blender create Mesh node Mesh.023
12:12:15 | INFO: glTF import finished in 0.02s
AUDIT_3D_BLENDER [82/178] assets/models/props/prp_glacier.glb
12:12:15 | INFO: Data are loaded, start creating Blender stuff
12:12:15 | INFO: Blender create Mesh node prp_glacier
12:12:15 | INFO: glTF import finished in 0.01s
AUDIT_3D_BLENDER [83/178] assets/models/props/prp_grass_short.glb
12:12:15 | INFO: Data are loaded, start creating Blender stuff
12:12:15 | INFO: Blender create Mesh node Plane.014
12:12:15 | INFO: glTF import finished in 0.01s
AUDIT_3D_BLENDER [84/178] assets/models/props/prp_grass_tall.glb
12:12:15 | INFO: Data are loaded, start creating Blender stuff
12:12:15 | INFO: Blender create Mesh node Plane.013
12:12:15 | INFO: glTF import finished in 0.01s
AUDIT_3D_BLENDER [85/178] assets/models/props/prp_grass_wispy.glb
12:12:15 | INFO: Data are loaded, start creating Blender stuff
12:12:15 | INFO: Blender create Mesh node Plane.017
12:12:15 | INFO: glTF import finished in 0.02s
AUDIT_3D_BLENDER [86/178] assets/models/props/prp_hay.glb
12:12:15 | INFO: Data are loaded, start creating Blender stuff
12:12:15 | INFO: Blender create Mesh node Mesh.019
12:12:15 | INFO: glTF import finished in 0.01s
AUDIT_3D_BLENDER [87/178] assets/models/props/prp_jetty.glb
12:12:15 | INFO: Data are loaded, start creating Blender stuff
12:12:15 | INFO: Blender create Mesh node Dock_FirstAge
12:12:15 | INFO: glTF import finished in 0.01s
AUDIT_3D_BLENDER [88/178] assets/models/props/prp_lamp_post.glb
12:12:15 | INFO: Data are loaded, start creating Blender stuff
12:12:15 | INFO: Blender create Mesh node Mesh
12:12:15 | INFO: glTF import finished in 0.01s
AUDIT_3D_BLENDER [89/178] assets/models/props/prp_market_stand.glb
12:12:15 | INFO: Data are loaded, start creating Blender stuff
12:12:15 | INFO: Blender create Mesh node Mesh.014
12:12:15 | INFO: glTF import finished in 0.02s
AUDIT_3D_BLENDER [90/178] assets/models/props/prp_market_stand_b.glb
12:12:15 | INFO: Data are loaded, start creating Blender stuff
12:12:15 | INFO: Blender create Mesh node Mesh.015
12:12:15 | INFO: glTF import finished in 0.03s
AUDIT_3D_BLENDER [91/178] assets/models/props/prp_mine_head.glb
12:12:15 | INFO: Data are loaded, start creating Blender stuff
12:12:15 | INFO: Blender create Mesh node Mine
12:12:15 | INFO: glTF import finished in 0.04s
AUDIT_3D_BLENDER [92/178] assets/models/props/prp_mushrooms.glb
12:12:15 | INFO: Data are loaded, start creating Blender stuff
12:12:15 | INFO: Blender create Mesh node Cube.032
12:12:15 | INFO: glTF import finished in 0.02s
AUDIT_3D_BLENDER [93/178] assets/models/props/prp_ore_seam.glb
12:12:15 | INFO: Data are loaded, start creating Blender stuff
12:12:15 | INFO: Blender create Mesh node Resource_Gold_1
12:12:15 | INFO: glTF import finished in 0.03s
AUDIT_3D_BLENDER [94/178] assets/models/props/prp_pebble_a.glb
12:12:15 | INFO: Data are loaded, start creating Blender stuff
12:12:15 | INFO: Blender create Mesh node Cube.017_Retopology.008
12:12:15 | INFO: glTF import finished in 0.01s
AUDIT_3D_BLENDER [95/178] assets/models/props/prp_pebble_b.glb
12:12:15 | INFO: Data are loaded, start creating Blender stuff
12:12:15 | INFO: Blender create Mesh node Cube.017_Retopology.004
12:12:15 | INFO: glTF import finished in 0.01s
AUDIT_3D_BLENDER [96/178] assets/models/props/prp_pine_dead.glb
12:12:15 | INFO: Data are loaded, start creating Blender stuff
12:12:15 | INFO: Blender create Mesh node Mesh
12:12:15 | INFO: glTF import finished in 0.06s
AUDIT_3D_BLENDER [97/178] assets/models/props/prp_relic.glb
12:12:15 | INFO: Data are loaded, start creating Blender stuff
12:12:15 | INFO: Blender create Mesh node Mesh
12:12:15 | INFO: glTF import finished in 0.01s
AUDIT_3D_BLENDER [98/178] assets/models/props/prp_rock_cluster.glb
12:12:15 | INFO: Data are loaded, start creating Blender stuff
12:12:15 | INFO: Blender create Mesh node Mesh
12:12:15 | INFO: glTF import finished in 0.01s
AUDIT_3D_BLENDER [99/178] assets/models/props/prp_rockpath_small.glb
12:12:15 | INFO: Data are loaded, start creating Blender stuff
12:12:15 | INFO: Blender create Mesh node Cube.017_Retopology.012
12:12:15 | INFO: glTF import finished in 0.02s
AUDIT_3D_BLENDER [100/178] assets/models/props/prp_rockpath_wide.glb
12:12:15 | INFO: Data are loaded, start creating Blender stuff
12:12:15 | INFO: Blender create Mesh node Cube.017_Retopology.028
12:12:16 | INFO: glTF import finished in 0.05s
AUDIT_3D_BLENDER [101/178] assets/models/props/prp_ruin_pillar.glb
12:12:16 | INFO: Data are loaded, start creating Blender stuff
12:12:16 | INFO: Blender create Mesh node Mesh
12:12:16 | INFO: glTF import finished in 0.01s
AUDIT_3D_BLENDER [102/178] assets/models/props/prp_ruin_wall.glb
12:12:16 | INFO: Data are loaded, start creating Blender stuff
12:12:16 | INFO: Blender create Mesh node Mesh
12:12:16 | INFO: glTF import finished in 0.03s
AUDIT_3D_BLENDER [103/178] assets/models/props/prp_sacks.glb
12:12:16 | INFO: Data are loaded, start creating Blender stuff
12:12:16 | INFO: Blender create Mesh node Mesh.018
12:12:16 | INFO: glTF import finished in 0.01s
AUDIT_3D_BLENDER [104/178] assets/models/props/prp_station_alchemy.glb
12:12:16 | INFO: Data are loaded, start creating Blender stuff
12:12:16 | INFO: Blender create Mesh node Mesh
12:12:16 | INFO: glTF import finished in 0.02s
AUDIT_3D_BLENDER [105/178] assets/models/props/prp_station_forge.glb
12:12:16 | INFO: Data are loaded, start creating Blender stuff
12:12:16 | INFO: Blender create Mesh node workbench-anvil.001
12:12:16 | INFO: glTF import finished in 0.01s
AUDIT_3D_BLENDER [106/178] assets/models/props/prp_station_workbench.glb
12:12:16 | INFO: Data are loaded, start creating Blender stuff
12:12:16 | INFO: Blender create Mesh node Mesh
12:12:16 | INFO: glTF import finished in 0.02s
AUDIT_3D_BLENDER [107/178] assets/models/props/prp_tent.glb
12:12:16 | INFO: Data are loaded, start creating Blender stuff
12:12:16 | INFO: Blender create Mesh node Mesh
12:12:16 | INFO: glTF import finished in 0.02s
AUDIT_3D_BLENDER [108/178] assets/models/props/prp_timber_stack.glb
12:12:16 | INFO: Data are loaded, start creating Blender stuff
12:12:16 | INFO: Blender create Mesh node Logs
12:12:16 | INFO: glTF import finished in 0.01s
AUDIT_3D_BLENDER [109/178] assets/models/props/prp_tome_stand.glb
12:12:16 | INFO: Data are loaded, start creating Blender stuff
12:12:16 | INFO: Blender create Mesh node Mesh
12:12:16 | INFO: glTF import finished in 0.02s
AUDIT_3D_BLENDER [110/178] assets/models/props/prp_training_dummy.glb
12:12:16 | INFO: Data are loaded, start creating Blender stuff
12:12:16 | INFO: Blender create Mesh node Dummy.001
12:12:16 | INFO: glTF import finished in 0.01s
AUDIT_3D_BLENDER [111/178] assets/models/props/prp_tree_broadleaf.glb
12:12:16 | INFO: Data are loaded, start creating Blender stuff
12:12:16 | INFO: Blender create Mesh node Mesh.026
12:12:16 | INFO: glTF import finished in 0.04s
AUDIT_3D_BLENDER [112/178] assets/models/props/prp_warden_post.glb
12:12:16 | INFO: Data are loaded, start creating Blender stuff
12:12:16 | INFO: Blender create Mesh node WonderWalls_FirstAge
12:12:16 | INFO: glTF import finished in 0.05s
AUDIT_3D_BLENDER [113/178] assets/models/props/prp_watch_tower.glb
12:12:16 | INFO: Data are loaded, start creating Blender stuff
12:12:16 | INFO: Blender create Mesh node WatchTower_FirstAge_Level2
12:12:16 | INFO: glTF import finished in 0.01s
AUDIT_3D_BLENDER [114/178] assets/models/props/prp_waystone.glb
12:12:16 | INFO: Data are loaded, start creating Blender stuff
12:12:16 | INFO: Blender create Mesh node Mesh
12:12:16 | INFO: glTF import finished in 0.01s
AUDIT_3D_BLENDER [115/178] assets/models/props/prp_well.glb
12:12:16 | INFO: Data are loaded, start creating Blender stuff
12:12:16 | INFO: Blender create Mesh node Mesh.021
12:12:16 | INFO: glTF import finished in 0.03s
AUDIT_3D_BLENDER [116/178] assets/models/weapons/wpn_sword_iron.glb
12:12:16 | INFO: Data are loaded, start creating Blender stuff
12:12:16 | INFO: Blender create Mesh node Sword
12:12:16 | INFO: glTF import finished in 0.02s
AUDIT_3D_BLENDER [117/178] assets/models/architecture/mod_balcony_corner.gltf
12:12:16 | INFO: Data are loaded, start creating Blender stuff
12:12:16 | INFO: Blender create Mesh node Cube.113
12:12:17 | INFO: glTF import finished in 0.19s
AUDIT_3D_BLENDER [118/178] assets/models/architecture/mod_balcony_straight.gltf
12:12:17 | INFO: Data are loaded, start creating Blender stuff
12:12:17 | INFO: Blender create Mesh node Cube.076
12:12:17 | INFO: glTF import finished in 0.03s
AUDIT_3D_BLENDER [119/178] assets/models/architecture/mod_chimney.gltf
12:12:17 | INFO: Data are loaded, start creating Blender stuff
12:12:17 | INFO: Blender create Mesh node Cube.017_Retopology.006
12:12:17 | INFO: glTF import finished in 0.03s
AUDIT_3D_BLENDER [120/178] assets/models/architecture/mod_chimney_alt.gltf
12:12:17 | INFO: Data are loaded, start creating Blender stuff
12:12:17 | INFO: Blender create Mesh node Cube.017_Retopology.005
12:12:17 | INFO: glTF import finished in 0.02s
AUDIT_3D_BLENDER [121/178] assets/models/architecture/mod_corner.gltf
12:12:17 | INFO: Data are loaded, start creating Blender stuff
12:12:17 | INFO: Blender create Mesh node Cube.023
12:12:17 | INFO: glTF import finished in 0.02s
AUDIT_3D_BLENDER [122/178] assets/models/architecture/mod_door.gltf
12:12:17 | INFO: Data are loaded, start creating Blender stuff
12:12:17 | INFO: Blender create Mesh node Cube.235
12:12:17 | INFO: glTF import finished in 0.03s
AUDIT_3D_BLENDER [123/178] assets/models/architecture/mod_floor_stone.gltf
12:12:17 | INFO: Data are loaded, start creating Blender stuff
12:12:17 | INFO: Blender create Mesh node Plane.013
12:12:17 | INFO: glTF import finished in 0.03s
AUDIT_3D_BLENDER [124/178] assets/models/architecture/mod_floor_wood.gltf
12:12:17 | INFO: Data are loaded, start creating Blender stuff
12:12:17 | INFO: Blender create Mesh node Plane.032
12:12:17 | INFO: glTF import finished in 0.02s
AUDIT_3D_BLENDER [125/178] assets/models/architecture/mod_gable_4.gltf
12:12:17 | INFO: Data are loaded, start creating Blender stuff
12:12:17 | INFO: Blender create Mesh node Cube.182
12:12:17 | INFO: glTF import finished in 0.04s
AUDIT_3D_BLENDER [126/178] assets/models/architecture/mod_gable_6.gltf
12:12:17 | INFO: Data are loaded, start creating Blender stuff
12:12:17 | INFO: Blender create Mesh node Cube.101
12:12:17 | INFO: glTF import finished in 0.06s
AUDIT_3D_BLENDER [127/178] assets/models/architecture/mod_gable_8.gltf
12:12:17 | INFO: Data are loaded, start creating Blender stuff
12:12:17 | INFO: Blender create Mesh node Cube.166
12:12:17 | INFO: glTF import finished in 0.06s
AUDIT_3D_BLENDER [128/178] assets/models/architecture/mod_roof_4x4.gltf
12:12:17 | INFO: Data are loaded, start creating Blender stuff
12:12:17 | INFO: Blender create Mesh node Cube.110
12:12:17 | INFO: glTF import finished in 0.05s
AUDIT_3D_BLENDER [129/178] assets/models/architecture/mod_roof_4x6.gltf
12:12:17 | INFO: Data are loaded, start creating Blender stuff
12:12:17 | INFO: Blender create Mesh node Cube.074
12:12:17 | INFO: glTF import finished in 0.05s
AUDIT_3D_BLENDER [130/178] assets/models/architecture/mod_roof_4x8.gltf
12:12:17 | INFO: Data are loaded, start creating Blender stuff
12:12:17 | INFO: Blender create Mesh node Cube.060
12:12:17 | INFO: glTF import finished in 0.05s
AUDIT_3D_BLENDER [131/178] assets/models/architecture/mod_roof_6x10.gltf
12:12:17 | INFO: Data are loaded, start creating Blender stuff
12:12:17 | INFO: Blender create Mesh node Cube.030
12:12:18 | INFO: glTF import finished in 0.08s
AUDIT_3D_BLENDER [132/178] assets/models/architecture/mod_roof_6x6.gltf
12:12:18 | INFO: Data are loaded, start creating Blender stuff
12:12:18 | INFO: Blender create Mesh node Cube.152
12:12:18 | INFO: glTF import finished in 0.06s
AUDIT_3D_BLENDER [133/178] assets/models/architecture/mod_roof_6x8.gltf
12:12:18 | INFO: Data are loaded, start creating Blender stuff
12:12:18 | INFO: Blender create Mesh node Cube.015
12:12:18 | INFO: glTF import finished in 0.04s
AUDIT_3D_BLENDER [134/178] assets/models/architecture/mod_roof_8x8.gltf
12:12:18 | INFO: Data are loaded, start creating Blender stuff
12:12:18 | INFO: Blender create Mesh node Cube.020
12:12:18 | INFO: glTF import finished in 0.05s
AUDIT_3D_BLENDER [135/178] assets/models/architecture/mod_roof_awning.gltf
12:12:18 | INFO: Data are loaded, start creating Blender stuff
12:12:18 | INFO: Blender create Mesh node Cube.044
12:12:18 | INFO: glTF import finished in 0.03s
AUDIT_3D_BLENDER [136/178] assets/models/architecture/mod_roof_dormer.gltf
12:12:18 | INFO: Data are loaded, start creating Blender stuff
12:12:18 | INFO: Blender create Mesh node Cube.197
12:12:18 | INFO: glTF import finished in 0.04s
AUDIT_3D_BLENDER [137/178] assets/models/architecture/mod_roof_supports.gltf
12:12:18 | INFO: Data are loaded, start creating Blender stuff
12:12:18 | INFO: Blender create Mesh node Cube.108
12:12:18 | INFO: glTF import finished in 0.01s
AUDIT_3D_BLENDER [138/178] assets/models/architecture/mod_shutters_thin_closed.gltf
12:12:18 | INFO: Data are loaded, start creating Blender stuff
12:12:18 | INFO: Blender create Mesh node Cube.184
12:12:18 | INFO: glTF import finished in 0.01s
AUDIT_3D_BLENDER [139/178] assets/models/architecture/mod_shutters_wide_open.gltf
12:12:18 | INFO: Data are loaded, start creating Blender stuff
12:12:18 | INFO: Blender create Mesh node Cube.178
12:12:18 | INFO: glTF import finished in 0.01s
AUDIT_3D_BLENDER [140/178] assets/models/architecture/mod_stairs_exterior.gltf
12:12:18 | INFO: Data are loaded, start creating Blender stuff
12:12:18 | INFO: Blender create Mesh node Cube.048
12:12:18 | INFO: glTF import finished in 0.03s
AUDIT_3D_BLENDER [141/178] assets/models/architecture/mod_vine.gltf
12:12:18 | INFO: Data are loaded, start creating Blender stuff
12:12:18 | INFO: Blender create Mesh node Plane
12:12:18 | INFO: glTF import finished in 0.01s
AUDIT_3D_BLENDER [142/178] assets/models/architecture/mod_wall_arch.gltf
12:12:18 | INFO: Data are loaded, start creating Blender stuff
12:12:18 | INFO: Blender create Mesh node Plane.007
12:12:18 | INFO: glTF import finished in 0.02s
AUDIT_3D_BLENDER [143/178] assets/models/architecture/mod_wall_base.gltf
12:12:18 | INFO: Data are loaded, start creating Blender stuff
12:12:18 | INFO: Blender create Mesh node Cube.192
12:12:18 | INFO: glTF import finished in 0.01s
AUDIT_3D_BLENDER [144/178] assets/models/architecture/mod_wall_door.gltf
12:12:18 | INFO: Data are loaded, start creating Blender stuff
12:12:18 | INFO: Blender create Mesh node Cube.227
12:12:18 | INFO: glTF import finished in 0.04s
AUDIT_3D_BLENDER [145/178] assets/models/architecture/mod_wall_plain.gltf
12:12:18 | INFO: Data are loaded, start creating Blender stuff
12:12:18 | INFO: Blender create Mesh node Cube.027
12:12:18 | INFO: glTF import finished in 0.02s
AUDIT_3D_BLENDER [146/178] assets/models/architecture/mod_wall_stone.gltf
12:12:18 | INFO: Data are loaded, start creating Blender stuff
12:12:18 | INFO: Blender create Mesh node Cube.059
12:12:18 | INFO: glTF import finished in 0.04s
AUDIT_3D_BLENDER [147/178] assets/models/architecture/mod_wall_stone_door.gltf
12:12:18 | INFO: Data are loaded, start creating Blender stuff
12:12:18 | INFO: Blender create Mesh node Cube.009
12:12:18 | INFO: glTF import finished in 0.04s
AUDIT_3D_BLENDER [148/178] assets/models/architecture/mod_wall_stone_window.gltf
12:12:18 | INFO: Data are loaded, start creating Blender stuff
12:12:18 | INFO: Blender create Mesh node Cube.200
12:12:18 | INFO: glTF import finished in 0.04s
AUDIT_3D_BLENDER [149/178] assets/models/architecture/mod_wall_stone_window_thin.gltf
12:12:18 | INFO: Data are loaded, start creating Blender stuff
12:12:18 | INFO: Blender create Mesh node Cube.123
12:12:19 | INFO: glTF import finished in 0.05s
AUDIT_3D_BLENDER [150/178] assets/models/architecture/mod_wall_timber.gltf
12:12:19 | INFO: Data are loaded, start creating Blender stuff
12:12:19 | INFO: Blender create Mesh node Cube.118
12:12:19 | INFO: glTF import finished in 0.03s
AUDIT_3D_BLENDER [151/178] assets/models/architecture/mod_wall_window.gltf
12:12:19 | INFO: Data are loaded, start creating Blender stuff
12:12:19 | INFO: Blender create Mesh node Cube.220
12:12:19 | INFO: glTF import finished in 0.04s
AUDIT_3D_BLENDER [152/178] assets/models/architecture/mod_wall_window_thin.gltf
12:12:19 | INFO: Data are loaded, start creating Blender stuff
12:12:19 | INFO: Blender create Mesh node Plane.022
12:12:19 | INFO: glTF import finished in 0.04s
AUDIT_3D_BLENDER [153/178] assets/models/architecture/mod_window_thin.gltf
12:12:19 | INFO: Data are loaded, start creating Blender stuff
12:12:19 | INFO: Blender create Mesh node Cube.128
12:12:19 | INFO: glTF import finished in 0.03s
AUDIT_3D_BLENDER [154/178] assets/models/architecture/mod_window_wide.gltf
12:12:19 | INFO: Data are loaded, start creating Blender stuff
12:12:19 | INFO: Blender create Mesh node Cube.147
12:12:19 | INFO: glTF import finished in 0.03s
AUDIT_3D_BLENDER [155/178] assets/models/props/prp_anvil.gltf
12:12:19 | INFO: Data are loaded, start creating Blender stuff
12:12:19 | INFO: Blender create Mesh node Cube.025
12:12:19 | INFO: glTF import finished in 0.02s
AUDIT_3D_BLENDER [156/178] assets/models/props/prp_anvil_log.gltf
12:12:19 | INFO: Data are loaded, start creating Blender stuff
12:12:19 | INFO: Blender create Mesh node Cylinder.036
12:12:19 | INFO: glTF import finished in 0.07s
AUDIT_3D_BLENDER [157/178] assets/models/props/prp_bed.gltf
12:12:19 | INFO: Data are loaded, start creating Blender stuff
12:12:19 | INFO: Blender create Mesh node Cube.188
12:12:19 | INFO: glTF import finished in 0.06s
AUDIT_3D_BLENDER [158/178] assets/models/props/prp_book_stand.gltf
12:12:19 | INFO: Data are loaded, start creating Blender stuff
12:12:19 | INFO: Blender create Mesh node Cube.169
12:12:19 | INFO: glTF import finished in 0.03s
AUDIT_3D_BLENDER [159/178] assets/models/props/prp_bookcase.gltf
12:12:19 | INFO: Data are loaded, start creating Blender stuff
12:12:19 | INFO: Blender create Mesh node Cube.168
12:12:19 | INFO: glTF import finished in 0.04s
AUDIT_3D_BLENDER [160/178] assets/models/props/prp_cabinet.gltf
12:12:19 | INFO: Data are loaded, start creating Blender stuff
12:12:19 | INFO: Blender create Mesh node Cube.098
12:12:19 | INFO: glTF import finished in 0.05s
AUDIT_3D_BLENDER [161/178] assets/models/props/prp_candles.gltf
12:12:19 | INFO: Data are loaded, start creating Blender stuff
12:12:19 | INFO: Blender create Mesh node Cylinder.091
12:12:19 | INFO: glTF import finished in 0.04s
AUDIT_3D_BLENDER [162/178] assets/models/props/prp_chair.gltf
12:12:19 | INFO: Data are loaded, start creating Blender stuff
12:12:19 | INFO: Blender create Mesh node Cube.180
12:12:19 | INFO: glTF import finished in 0.04s
AUDIT_3D_BLENDER [163/178] assets/models/props/prp_chandelier.gltf
12:12:19 | INFO: Data are loaded, start creating Blender stuff
12:12:19 | INFO: Blender create Mesh node Cylinder.092
12:12:20 | INFO: glTF import finished in 0.11s
AUDIT_3D_BLENDER [164/178] assets/models/props/prp_chest_wood.gltf
12:12:20 | INFO: Data are loaded, start creating Blender stuff
12:12:20 | INFO: Blender create Mesh node Cube.010
12:12:20 | INFO: Blender create Mesh node Cube.024
12:12:20 | INFO: glTF import finished in 0.09s
AUDIT_3D_BLENDER [165/178] assets/models/props/prp_crate_wood.gltf
12:12:20 | INFO: Data are loaded, start creating Blender stuff
12:12:20 | INFO: Blender create Mesh node Cube.017
12:12:20 | INFO: glTF import finished in 0.04s
AUDIT_3D_BLENDER [166/178] assets/models/props/prp_lantern_wall.gltf
12:12:20 | INFO: Data are loaded, start creating Blender stuff
12:12:20 | INFO: Blender create Mesh node Cube.018
12:12:20 | INFO: glTF import finished in 0.05s
AUDIT_3D_BLENDER [167/178] assets/models/props/prp_nightstand.gltf
12:12:20 | INFO: Data are loaded, start creating Blender stuff
12:12:20 | INFO: Blender create Mesh node Cube.131
12:12:20 | INFO: glTF import finished in 0.02s
AUDIT_3D_BLENDER [168/178] assets/models/props/prp_pot.gltf
12:12:20 | INFO: Data are loaded, start creating Blender stuff
12:12:20 | INFO: Blender create Mesh node Cube.049
12:12:20 | INFO: glTF import finished in 0.02s
AUDIT_3D_BLENDER [169/178] assets/models/props/prp_rope.gltf
12:12:20 | INFO: Data are loaded, start creating Blender stuff
12:12:20 | INFO: Blender create Mesh node BezierCurve.004
12:12:20 | INFO: glTF import finished in 0.02s
AUDIT_3D_BLENDER [170/178] assets/models/props/prp_shelf.gltf
12:12:20 | INFO: Data are loaded, start creating Blender stuff
12:12:20 | INFO: Blender create Mesh node Cube.103
12:12:20 | INFO: glTF import finished in 0.02s
AUDIT_3D_BLENDER [171/178] assets/models/props/prp_shelf_arch.gltf
12:12:20 | INFO: Data are loaded, start creating Blender stuff
12:12:20 | INFO: Blender create Mesh node Cylinder.032
12:12:20 | INFO: glTF import finished in 0.04s
AUDIT_3D_BLENDER [172/178] assets/models/props/prp_stall_cart.gltf
12:12:20 | INFO: Data are loaded, start creating Blender stuff
12:12:20 | INFO: Blender create Mesh node Cylinder.094
12:12:20 | INFO: glTF import finished in 0.07s
AUDIT_3D_BLENDER [173/178] assets/models/props/prp_stall_empty.gltf
12:12:20 | INFO: Data are loaded, start creating Blender stuff
12:12:20 | INFO: Blender create Mesh node Cube.212
12:12:21 | INFO: glTF import finished in 0.06s
AUDIT_3D_BLENDER [174/178] assets/models/props/prp_stool.gltf
12:12:21 | INFO: Data are loaded, start creating Blender stuff
12:12:21 | INFO: Blender create Mesh node Cube.097
12:12:21 | INFO: glTF import finished in 0.02s
AUDIT_3D_BLENDER [175/178] assets/models/props/prp_table_large.gltf
12:12:21 | INFO: Data are loaded, start creating Blender stuff
12:12:21 | INFO: Blender create Mesh node Cube.084
12:12:21 | INFO: glTF import finished in 0.04s
AUDIT_3D_BLENDER [176/178] assets/models/props/prp_weapon_rack.gltf
12:12:21 | INFO: Data are loaded, start creating Blender stuff
12:12:21 | INFO: Blender create Mesh node Cube.081
12:12:21 | INFO: glTF import finished in 0.05s
AUDIT_3D_BLENDER [177/178] assets/models/props/prp_weapon_stand.gltf
12:12:21 | INFO: Data are loaded, start creating Blender stuff
12:12:21 | INFO: Blender create Mesh node Cube.081
12:12:21 | INFO: glTF import finished in 0.04s
AUDIT_3D_BLENDER [178/178] assets/models/props/prp_workbench.gltf
12:12:21 | INFO: Data are loaded, start creating Blender stuff
12:12:21 | INFO: Blender create Mesh node Cube.163
12:12:21 | INFO: glTF import finished in 0.03s
Blender 5.1.2 (hash ec6e62d40fa9 built 2026-05-19 01:37:34)
