AUDIT_3D_BLENDER [1/178] assets/models/animations/anim_library.glb
18:03:46 | INFO: Data are loaded, start creating Blender stuff
18:03:46 | INFO: Blender create Mesh node Mannequin
18:03:48 | INFO: glTF import finished in 1.84s
AUDIT_3D_BLENDER [2/178] assets/models/architecture/bld_blacksmith.glb
18:03:48 | INFO: Data are loaded, start creating Blender stuff
18:03:48 | INFO: Blender create Mesh node Mesh
18:03:48 | INFO: glTF import finished in 0.05s
AUDIT_3D_BLENDER [3/178] assets/models/architecture/bld_cottage.glb
18:03:48 | INFO: Data are loaded, start creating Blender stuff
18:03:48 | INFO: Blender create Mesh node Mesh
18:03:48 | INFO: glTF import finished in 0.01s
AUDIT_3D_BLENDER [4/178] assets/models/architecture/bld_house_a.glb
18:03:48 | INFO: Data are loaded, start creating Blender stuff
18:03:48 | INFO: Blender create Mesh node House_1
18:03:48 | INFO: glTF import finished in 0.04s
AUDIT_3D_BLENDER [5/178] assets/models/architecture/bld_house_b.glb
18:03:48 | INFO: Data are loaded, start creating Blender stuff
18:03:48 | INFO: Blender create Mesh node Farm_SecondAge_Level3
18:03:48 | INFO: glTF import finished in 0.01s
AUDIT_3D_BLENDER [6/178] assets/models/architecture/bld_inn.glb
18:03:48 | INFO: Data are loaded, start creating Blender stuff
18:03:48 | INFO: Blender create Mesh node Mesh
18:03:48 | INFO: glTF import finished in 0.04s
AUDIT_3D_BLENDER [7/178] assets/models/characters/chr_player_base.glb
18:03:48 | INFO: Data are loaded, start creating Blender stuff
18:03:48 | INFO: Blender create Mesh node Adventurer_Body
18:03:48 | INFO: Blender create Mesh node Adventurer_Feet
18:03:48 | INFO: Blender create Mesh node Adventurer_Head
18:03:48 | INFO: Blender create Mesh node Adventurer_Legs
18:03:48 | INFO: Blender create Mesh node Backpack
18:03:49 | INFO: glTF import finished in 0.66s
AUDIT_3D_BLENDER [8/178] assets/models/characters/fp_arm.glb
18:03:49 | INFO: Data are loaded, start creating Blender stuff
18:03:49 | INFO: Blender create Mesh node Adventurer_Body.001
18:03:49 | INFO: glTF import finished in 0.01s
AUDIT_3D_BLENDER [9/178] assets/models/characters/fp_arm_left.glb
18:03:49 | INFO: Data are loaded, start creating Blender stuff
18:03:49 | INFO: Blender create Mesh node Adventurer_Body.002
18:03:49 | INFO: Blender create Mesh node Right_SleeveMesh.001
18:03:49 | INFO: Blender create Mesh node Right_BracerMesh.001
18:03:49 | INFO: Blender create Mesh node Torus.002
18:03:49 | INFO: Blender create Mesh node Torus.003
18:03:49 | INFO: glTF import finished in 0.01s
AUDIT_3D_BLENDER [10/178] assets/models/characters/fp_arm_right.glb
18:03:49 | INFO: Data are loaded, start creating Blender stuff
18:03:49 | INFO: Blender create Mesh node Adventurer_Body.001
18:03:49 | INFO: Blender create Mesh node Right_SleeveMesh
18:03:49 | INFO: Blender create Mesh node Right_BracerMesh
18:03:49 | INFO: Blender create Mesh node Torus
18:03:49 | INFO: Blender create Mesh node Torus.001
18:03:49 | INFO: glTF import finished in 0.01s
AUDIT_3D_BLENDER [11/178] assets/models/characters/npc_adventurer_f.glb
18:03:49 | INFO: Data are loaded, start creating Blender stuff
18:03:49 | INFO: Blender create Mesh node Adventurer_Body
18:03:49 | INFO: Blender create Mesh node Adventurer_Feet
18:03:49 | INFO: Blender create Mesh node Adventurer_Head
18:03:49 | INFO: Blender create Mesh node Adventurer_Legs
18:03:50 | INFO: glTF import finished in 0.27s
AUDIT_3D_BLENDER [12/178] assets/models/characters/npc_guild_rep.glb
18:03:50 | INFO: Data are loaded, start creating Blender stuff
18:03:50 | INFO: Blender create Mesh node King_Body
18:03:50 | INFO: Blender create Mesh node King_Feet
18:03:50 | INFO: Blender create Mesh node King_Head
18:03:50 | INFO: Blender create Mesh node King_Legs
18:03:50 | INFO: glTF import finished in 0.65s
AUDIT_3D_BLENDER [13/178] assets/models/characters/npc_hooded.glb
18:03:51 | INFO: Data are loaded, start creating Blender stuff
18:03:51 | INFO: Blender create Mesh node Sword
18:03:51 | INFO: Blender create Mesh node Medieval_Body
18:03:51 | INFO: Blender create Mesh node Medieval_Feet
18:03:51 | INFO: Blender create Mesh node Medieval_Head
18:03:51 | INFO: Blender create Mesh node Medieval_Legs
18:03:51 | INFO: glTF import finished in 0.29s
AUDIT_3D_BLENDER [14/178] assets/models/characters/npc_innkeeper.glb
18:03:51 | INFO: Data are loaded, start creating Blender stuff
18:03:51 | INFO: Blender create Mesh node Adventurer_Body
18:03:51 | INFO: Blender create Mesh node Adventurer_Feet
18:03:51 | INFO: Blender create Mesh node Adventurer_Head
18:03:51 | INFO: Blender create Mesh node Adventurer_Legs
18:03:52 | INFO: glTF import finished in 0.84s
AUDIT_3D_BLENDER [15/178] assets/models/characters/npc_kael.glb
18:03:52 | INFO: Data are loaded, start creating Blender stuff
18:03:52 | INFO: Blender create Mesh node NurbsPath.001
18:03:52 | INFO: Blender create Mesh node Rogue
18:03:52 | INFO: Blender create Mesh node Rogue.001
18:03:52 | INFO: glTF import finished in 0.20s
AUDIT_3D_BLENDER [16/178] assets/models/characters/npc_merchant_f.glb
18:03:52 | INFO: Data are loaded, start creating Blender stuff
18:03:53 | INFO: Blender create Mesh node Casual_Body
18:03:53 | INFO: Blender create Mesh node Casual_Feet
18:03:53 | INFO: Blender create Mesh node Casual_Head
18:03:53 | INFO: Blender create Mesh node Casual_Legs
18:03:53 | INFO: glTF import finished in 0.36s
AUDIT_3D_BLENDER [17/178] assets/models/characters/npc_merchant_m.glb
18:03:53 | INFO: Data are loaded, start creating Blender stuff
18:03:53 | INFO: Blender create Mesh node Adventurer_Feet
18:03:53 | INFO: Blender create Mesh node Adventurer_Legs
18:03:53 | INFO: Blender create Mesh node Adventurer_Body
18:03:53 | INFO: Blender create Mesh node Adventurer_Head
18:03:53 | INFO: Blender create Mesh node Backpack
18:03:53 | INFO: glTF import finished in 0.34s
AUDIT_3D_BLENDER [18/178] assets/models/characters/npc_townsman.glb
18:03:53 | INFO: Data are loaded, start creating Blender stuff
18:03:54 | INFO: Blender create Mesh node Worker_Feet
18:03:54 | INFO: Blender create Mesh node Worker_Legs
18:03:54 | INFO: Blender create Mesh node Worker_Body
18:03:54 | INFO: Blender create Mesh node Worker_Head
18:03:54 | INFO: glTF import finished in 0.28s
AUDIT_3D_BLENDER [19/178] assets/models/characters/npc_townswoman.glb
18:03:54 | INFO: Data are loaded, start creating Blender stuff
18:03:54 | INFO: Blender create Mesh node Formad_Head
18:03:54 | INFO: Blender create Mesh node Formal_Body
18:03:54 | INFO: Blender create Mesh node Formal_Feet
18:03:54 | INFO: Blender create Mesh node Formal_Legs
18:03:54 | INFO: glTF import finished in 0.26s
AUDIT_3D_BLENDER [20/178] assets/models/characters/npc_vendor.glb
18:03:54 | INFO: Data are loaded, start creating Blender stuff
18:03:54 | INFO: Blender create Mesh node Farmer_Body
18:03:55 | INFO: Blender create Mesh node Farmer_Feet
18:03:55 | INFO: Blender create Mesh node Farmer_Head
18:03:55 | INFO: Blender create Mesh node Farmer_Pants
18:03:55 | INFO: glTF import finished in 0.71s
AUDIT_3D_BLENDER [21/178] assets/models/characters/npc_woman_dress.glb
18:03:55 | INFO: Data are loaded, start creating Blender stuff
18:03:55 | INFO: Blender create Mesh node Female
18:03:55 | INFO: glTF import finished in 0.10s
AUDIT_3D_BLENDER [22/178] assets/models/creatures/boss_iron_king.glb
18:03:55 | INFO: Data are loaded, start creating Blender stuff
18:03:55 | INFO: Blender create Mesh node King_Feet
18:03:55 | INFO: Blender create Mesh node King_Legs
18:03:55 | INFO: Blender create Mesh node King_Body
18:03:56 | INFO: Blender create Mesh node King_Head
18:03:56 | INFO: glTF import finished in 0.34s
AUDIT_3D_BLENDER [23/178] assets/models/creatures/enm_ancient_dragon.glb
18:03:56 | INFO: Data are loaded, start creating Blender stuff
18:03:56 | INFO: Blender create Mesh node Dragon
18:03:56 | INFO: glTF import finished in 0.21s
AUDIT_3D_BLENDER [24/178] assets/models/creatures/enm_arcane_echo.glb
18:03:56 | INFO: Data are loaded, start creating Blender stuff
18:03:56 | INFO: Blender create Mesh node Hywirl
18:03:56 | INFO: glTF import finished in 0.14s
AUDIT_3D_BLENDER [25/178] assets/models/creatures/enm_ash_dragon.glb
18:03:56 | INFO: Data are loaded, start creating Blender stuff
18:03:56 | INFO: Blender create Mesh node Dragon_Fly
18:03:56 | INFO: glTF import finished in 0.07s
AUDIT_3D_BLENDER [26/178] assets/models/creatures/enm_ash_maw.glb
18:03:56 | INFO: Data are loaded, start creating Blender stuff
18:03:56 | INFO: Blender create Mesh node Cone.008
18:03:56 | INFO: Blender create Mesh node Cone.009
18:03:56 | INFO: Blender create Mesh node Cone.010
18:03:56 | INFO: Blender create Mesh node Cone.004
18:03:56 | INFO: Blender create Mesh node Cone.005
18:03:56 | INFO: Blender create Mesh node Cone.006
18:03:56 | INFO: Blender create Mesh node Cone.007
18:03:56 | INFO: Blender create Mesh node Icosphere.001
18:03:56 | INFO: Blender create Mesh node Torus
18:03:56 | INFO: Blender create Mesh node Icosphere
18:03:56 | INFO: Blender create Mesh node Cone
18:03:56 | INFO: Blender create Mesh node Cone.001
18:03:56 | INFO: Blender create Mesh node Cone.002
18:03:56 | INFO: Blender create Mesh node Cone.003
18:03:56 | INFO: glTF import finished in 0.03s
AUDIT_3D_BLENDER [27/178] assets/models/creatures/enm_ashen_acolyte.glb
18:03:57 | INFO: Data are loaded, start creating Blender stuff
18:03:57 | INFO: Blender create Mesh node enm_ashen_acolyte
18:03:57 | INFO: glTF import finished in 0.04s
AUDIT_3D_BLENDER [28/178] assets/models/creatures/enm_ashfall_elk.glb
18:03:57 | INFO: Data are loaded, start creating Blender stuff
18:03:57 | INFO: Blender create Mesh node Stag
18:03:57 | INFO: Blender create Mesh node Stag_Horns
18:03:57 | INFO: glTF import finished in 0.48s
AUDIT_3D_BLENDER [29/178] assets/models/creatures/enm_bandit.glb
18:03:57 | INFO: Data are loaded, start creating Blender stuff
18:03:57 | INFO: Blender create Mesh node Casual_Body
18:03:57 | INFO: Blender create Mesh node Casual_Feet
18:03:57 | INFO: Blender create Mesh node Casual_Head
18:03:57 | INFO: Blender create Mesh node Casual_Legs
18:03:58 | INFO: glTF import finished in 0.62s
AUDIT_3D_BLENDER [30/178] assets/models/creatures/enm_barrow_wight.glb
18:03:58 | INFO: Data are loaded, start creating Blender stuff
18:03:58 | INFO: Blender create Mesh node Ghost
18:03:58 | INFO: glTF import finished in 0.15s
AUDIT_3D_BLENDER [31/178] assets/models/creatures/enm_bone_knight.glb
18:03:58 | INFO: Data are loaded, start creating Blender stuff
18:03:58 | INFO: Blender create Mesh node Ghost_Skull
18:03:58 | INFO: glTF import finished in 0.13s
AUDIT_3D_BLENDER [32/178] assets/models/creatures/enm_cinder_thrall.glb
18:03:59 | INFO: Data are loaded, start creating Blender stuff
18:03:59 | INFO: Blender create Mesh node BlueDemon
18:03:59 | INFO: glTF import finished in 0.26s
AUDIT_3D_BLENDER [33/178] assets/models/creatures/enm_cinder_wisp.glb
18:03:59 | INFO: Data are loaded, start creating Blender stuff
18:03:59 | INFO: Blender create Mesh node Icosphere.001
18:03:59 | INFO: Blender create Mesh node Icosphere.002
18:03:59 | INFO: Blender create Mesh node Icosphere.003
18:03:59 | INFO: Blender create Mesh node Icosphere.004
18:03:59 | INFO: Blender create Mesh node Icosphere.005
18:03:59 | INFO: Blender create Mesh node Icosphere
18:03:59 | INFO: Blender create Mesh node Cone
18:03:59 | INFO: Blender create Mesh node Cone.001
18:03:59 | INFO: Blender create Mesh node Cone.002
18:03:59 | INFO: glTF import finished in 0.03s
AUDIT_3D_BLENDER [34/178] assets/models/creatures/enm_clan_beast_tamer.glb
18:03:59 | INFO: Data are loaded, start creating Blender stuff
18:03:59 | INFO: Blender create Mesh node Tribal_Flying
18:03:59 | INFO: glTF import finished in 0.16s
AUDIT_3D_BLENDER [35/178] assets/models/creatures/enm_clan_raider.glb
18:03:59 | INFO: Data are loaded, start creating Blender stuff
18:03:59 | INFO: Blender create Mesh node Tribal_Flying
18:03:59 | INFO: glTF import finished in 0.14s
AUDIT_3D_BLENDER [36/178] assets/models/creatures/enm_clan_shaman.glb
18:03:59 | INFO: Data are loaded, start creating Blender stuff
18:03:59 | INFO: Blender create Mesh node Wizard_Blob
18:03:59 | INFO: Blender create Mesh node Wizard_Blob.001
18:03:59 | INFO: glTF import finished in 0.03s
AUDIT_3D_BLENDER [37/178] assets/models/creatures/enm_dire_wolf.glb
18:03:59 | INFO: Data are loaded, start creating Blender stuff
18:04:00 | INFO: Blender create Mesh node Wolf
18:04:00 | INFO: glTF import finished in 0.64s
AUDIT_3D_BLENDER [38/178] assets/models/creatures/enm_frost_drake.glb
18:04:00 | INFO: Data are loaded, start creating Blender stuff
18:04:00 | INFO: Blender create Mesh node Dragon_Fly
18:04:00 | INFO: glTF import finished in 0.10s
AUDIT_3D_BLENDER [39/178] assets/models/creatures/enm_frost_stalker.glb
18:04:00 | INFO: Data are loaded, start creating Blender stuff
18:04:00 | INFO: Blender create Mesh node Cube
18:04:01 | INFO: glTF import finished in 0.61s
AUDIT_3D_BLENDER [40/178] assets/models/creatures/enm_goblin.glb
18:04:01 | INFO: Data are loaded, start creating Blender stuff
18:04:01 | INFO: Blender create Mesh node Orc
18:04:01 | INFO: Blender create Mesh node Orc_Weapon
18:04:01 | INFO: glTF import finished in 0.27s
AUDIT_3D_BLENDER [41/178] assets/models/creatures/enm_grave_shade.glb
18:04:01 | INFO: Data are loaded, start creating Blender stuff
18:04:01 | INFO: Blender create Mesh node Ghost
18:04:02 | INFO: glTF import finished in 0.18s
AUDIT_3D_BLENDER [42/178] assets/models/creatures/enm_hollow_husk.glb
18:04:02 | INFO: Data are loaded, start creating Blender stuff
18:04:02 | INFO: Blender create Mesh node Ghost_Skull
18:04:02 | INFO: glTF import finished in 0.12s
AUDIT_3D_BLENDER [43/178] assets/models/creatures/enm_hollow_necromancer.glb
18:04:02 | INFO: Data are loaded, start creating Blender stuff
18:04:02 | INFO: Blender create Mesh node Wizard_Blob
18:04:02 | INFO: Blender create Mesh node Wizard_Blob.001
18:04:02 | INFO: glTF import finished in 0.05s
AUDIT_3D_BLENDER [44/178] assets/models/creatures/enm_rime_shard.glb
18:04:02 | INFO: Data are loaded, start creating Blender stuff
18:04:02 | INFO: Blender create Mesh node Icosphere
18:04:02 | INFO: Blender create Mesh node Cone
18:04:02 | INFO: Blender create Mesh node Cone.001
18:04:02 | INFO: Blender create Mesh node Cone.002
18:04:02 | INFO: Blender create Mesh node Cone.003
18:04:02 | INFO: Blender create Mesh node Cone.004
18:04:02 | INFO: Blender create Mesh node Cone.005
18:04:02 | INFO: glTF import finished in 0.02s
AUDIT_3D_BLENDER [45/178] assets/models/creatures/enm_ruin_crawler.glb
18:04:02 | INFO: Data are loaded, start creating Blender stuff
18:04:02 | INFO: Blender create Mesh node Cylinder
18:04:02 | INFO: Blender create Mesh node Cylinder.001
18:04:02 | INFO: Blender create Mesh node Cylinder.002
18:04:02 | INFO: Blender create Mesh node Cylinder.003
18:04:02 | INFO: Blender create Mesh node Cylinder.004
18:04:02 | INFO: Blender create Mesh node Cylinder.005
18:04:02 | INFO: Blender create Mesh node Cone
18:04:02 | INFO: Blender create Mesh node Cone.001
18:04:02 | INFO: Blender create Mesh node Icosphere
18:04:02 | INFO: Blender create Mesh node Cube
18:04:02 | INFO: glTF import finished in 0.04s
AUDIT_3D_BLENDER [46/178] assets/models/creatures/enm_soldier.glb
18:04:02 | INFO: Data are loaded, start creating Blender stuff
18:04:02 | INFO: Blender create Mesh node Ninja_Blob.001
18:04:02 | INFO: glTF import finished in 0.03s
AUDIT_3D_BLENDER [47/178] assets/models/creatures/enm_stone_sentinel.glb
18:04:02 | INFO: Data are loaded, start creating Blender stuff
18:04:02 | INFO: Blender create Mesh node Cube.002
18:04:02 | INFO: Blender create Mesh node Cube.003
18:04:02 | INFO: Blender create Mesh node Icosphere
18:04:02 | INFO: Blender create Mesh node Cube.001
18:04:02 | INFO: Blender create Mesh node Cube.004
18:04:02 | INFO: Blender create Mesh node Cube.005
18:04:02 | INFO: Blender create Mesh node Icosphere.001
18:04:02 | INFO: Blender create Mesh node Icosphere.002
18:04:02 | INFO: Blender create Mesh node Cube.006
18:04:02 | INFO: Blender create Mesh node Cube.007
18:04:02 | INFO: Blender create Mesh node Cube
18:04:02 | INFO: glTF import finished in 0.05s
AUDIT_3D_BLENDER [48/178] assets/models/creatures/enm_storm_mote.glb
18:04:02 | INFO: Data are loaded, start creating Blender stuff
18:04:02 | INFO: Blender create Mesh node Torus
18:04:02 | INFO: Blender create Mesh node Torus.001
18:04:02 | INFO: Blender create Mesh node Cone
18:04:02 | INFO: Blender create Mesh node Cone.001
18:04:02 | INFO: Blender create Mesh node Cone.002
18:04:02 | INFO: Blender create Mesh node Cone.003
18:04:02 | INFO: Blender create Mesh node Cone.004
18:04:02 | INFO: Blender create Mesh node Cone.005
18:04:02 | INFO: Blender create Mesh node Icosphere
18:04:02 | INFO: glTF import finished in 0.04s
AUDIT_3D_BLENDER [49/178] assets/models/creatures/enm_syndicate_enforcer.glb
18:04:02 | INFO: Data are loaded, start creating Blender stuff
18:04:02 | INFO: Blender create Mesh node Punk_Body
18:04:03 | INFO: Blender create Mesh node Punk_Feet
18:04:03 | INFO: Blender create Mesh node Punk_Head
18:04:03 | INFO: Blender create Mesh node Punk_Legs
18:04:03 | INFO: glTF import finished in 0.84s
AUDIT_3D_BLENDER [50/178] assets/models/creatures/enm_thornback_boar.glb
18:04:03 | INFO: Data are loaded, start creating Blender stuff
18:04:03 | INFO: Blender create Mesh node Cow
18:04:04 | INFO: glTF import finished in 0.58s
AUDIT_3D_BLENDER [51/178] assets/models/creatures/enm_ward_golem.glb
18:04:04 | INFO: Data are loaded, start creating Blender stuff
18:04:04 | INFO: Blender create Mesh node Cube.002
18:04:04 | INFO: Blender create Mesh node Cube.003
18:04:04 | INFO: Blender create Mesh node Icosphere
18:04:04 | INFO: Blender create Mesh node Cube.001
18:04:04 | INFO: Blender create Mesh node Cube.004
18:04:04 | INFO: Blender create Mesh node Cube.005
18:04:04 | INFO: Blender create Mesh node Cube.006
18:04:04 | INFO: Blender create Mesh node Cube.007
18:04:04 | INFO: Blender create Mesh node Cube
18:04:04 | INFO: Blender create Mesh node Torus
18:04:04 | INFO: glTF import finished in 0.04s
AUDIT_3D_BLENDER [52/178] assets/models/creatures/enm_wild_dragon.glb
18:04:04 | INFO: Data are loaded, start creating Blender stuff
18:04:04 | INFO: Blender create Mesh node Dragon_Fly
18:04:04 | INFO: glTF import finished in 0.06s
AUDIT_3D_BLENDER [53/178] assets/models/creatures/enm_wolf.glb
18:04:04 | INFO: Data are loaded, start creating Blender stuff
18:04:04 | INFO: Blender create Mesh node Wolf
18:04:05 | INFO: glTF import finished in 0.64s
AUDIT_3D_BLENDER [54/178] assets/models/creatures/mnt_horse.glb
18:04:05 | INFO: Data are loaded, start creating Blender stuff
18:04:05 | INFO: Blender create Mesh node Horse
18:04:05 | INFO: glTF import finished in 0.25s
AUDIT_3D_BLENDER [55/178] assets/models/equipment/enemy_identity_kit.glb
18:04:05 | INFO: Data are loaded, start creating Blender stuff
18:04:05 | INFO: Blender create Mesh node Sphere
18:04:05 | INFO: Blender create Mesh node Cone.002
18:04:05 | INFO: Blender create Mesh node Cube.001
18:04:05 | INFO: Blender create Mesh node Cone.010
18:04:05 | INFO: Blender create Mesh node Torus
18:04:05 | INFO: Blender create Mesh node Torus.001
18:04:05 | INFO: Blender create Mesh node Cube.005
18:04:05 | INFO: Blender create Mesh node Cube.006
18:04:05 | INFO: Blender create Mesh node staff
18:04:05 | INFO: Blender create Mesh node rib_0
18:04:05 | INFO: Blender create Mesh node Torus.003
18:04:05 | INFO: Blender create Mesh node Sphere.001
18:04:05 | INFO: Blender create Mesh node Cube.008
18:04:05 | INFO: Blender create Mesh node Cylinder.002
18:04:05 | INFO: Blender create Mesh node Cube.010
18:04:05 | INFO: Blender create Mesh node Cube.011
18:04:05 | INFO: Blender create Mesh node Cube.012
18:04:05 | INFO: Blender create Mesh node Cube.015
18:04:05 | INFO: Blender create Mesh node Cone.022
18:04:05 | INFO: Blender create Mesh node Cone.027
18:04:05 | INFO: Blender create Mesh node Cone.029
18:04:05 | INFO: Blender create Mesh node Cube.019
18:04:05 | INFO: Blender create Mesh node Cube.020
18:04:05 | INFO: Blender create Mesh node Torus.005
18:04:05 | INFO: Blender create Mesh node Cone.041
18:04:05 | INFO: Blender create Mesh node Cone.045
18:04:05 | INFO: Blender create Mesh node Cone.050
18:04:05 | INFO: Blender create Mesh node chain_l
18:04:05 | INFO: Blender create Mesh node Cone.053
18:04:05 | INFO: Blender create Mesh node Cone.056
18:04:05 | INFO: Blender create Mesh node Torus.007
18:04:06 | INFO: Blender create Mesh node Cube.022
18:04:06 | INFO: Blender create Mesh node Cylinder.006
18:04:06 | INFO: Blender create Mesh node king_chain_l
18:04:06 | INFO: Blender create Mesh node Cube.025
18:04:06 | INFO: Blender create Mesh node king_haft
18:04:06 | INFO: Blender create Mesh node Cube.027
18:04:06 | INFO: Blender create Mesh node Cube.028
18:04:06 | INFO: Blender create Mesh node Torus.009
18:04:06 | INFO: Blender create Mesh node Torus.010
18:04:06 | INFO: glTF import finished in 0.13s
AUDIT_3D_BLENDER [56/178] assets/models/equipment/eqp_pauldron_embervale.glb
18:04:06 | INFO: Data are loaded, start creating Blender stuff
18:04:06 | INFO: Blender create Mesh node Cube
18:04:06 | INFO: Blender create Mesh node Cube.001
18:04:06 | INFO: glTF import finished in 0.00s
AUDIT_3D_BLENDER [57/178] assets/models/equipment/eqp_pouch_embervale.glb
18:04:06 | INFO: Data are loaded, start creating Blender stuff
18:04:06 | INFO: Blender create Mesh node Cube
18:04:06 | INFO: Blender create Mesh node Cube.001
18:04:06 | INFO: Blender create Mesh node Cube.002
18:04:06 | INFO: glTF import finished in 0.00s
AUDIT_3D_BLENDER [58/178] assets/models/equipment/npc_kit_embervale.glb
18:04:06 | INFO: Data are loaded, start creating Blender stuff
18:04:06 | INFO: Blender create Mesh node Cube
18:04:06 | INFO: Blender create Mesh node ApronBib
18:04:06 | INFO: Blender create Mesh node Front
18:04:06 | INFO: Blender create Mesh node Front.001
18:04:06 | INFO: Blender create Mesh node Front.002
18:04:06 | INFO: Blender create Mesh node Front.003
18:04:06 | INFO: Blender create Mesh node Front.004
18:04:06 | INFO: Blender create Mesh node Front.005
18:04:06 | INFO: Blender create Mesh node Torus
18:04:06 | INFO: Blender create Mesh node Sphere
18:04:06 | INFO: Blender create Mesh node Torus.001
18:04:06 | INFO: Blender create Mesh node Cube.023
18:04:06 | INFO: Blender create Mesh node Sphere.001
18:04:06 | INFO: Blender create Mesh node Torus.003
18:04:06 | INFO: Blender create Mesh node Cube.027
18:04:06 | INFO: Blender create Mesh node Cylinder.008
18:04:06 | INFO: Blender create Mesh node Torus.005
18:04:06 | INFO: Blender create Mesh node Cylinder.009
18:04:06 | INFO: Blender create Mesh node Cube.029
18:04:06 | INFO: Blender create Mesh node Cylinder.010
18:04:06 | INFO: Blender create Mesh node Cylinder.011
18:04:06 | INFO: Blender create Mesh node Sphere.002
18:04:06 | INFO: glTF import finished in 0.09s
AUDIT_3D_BLENDER [59/178] assets/models/props/prp_arena_wall.glb
18:04:06 | INFO: Data are loaded, start creating Blender stuff
18:04:06 | INFO: Blender create Mesh node Mesh
18:04:06 | INFO: glTF import finished in 0.01s
AUDIT_3D_BLENDER [60/178] assets/models/props/prp_banner_guild.glb
18:04:06 | INFO: Data are loaded, start creating Blender stuff
18:04:06 | INFO: Blender create Mesh node Mesh
18:04:06 | INFO: glTF import finished in 0.00s
AUDIT_3D_BLENDER [61/178] assets/models/props/prp_barrel.glb
18:04:06 | INFO: Data are loaded, start creating Blender stuff
18:04:06 | INFO: Blender create Mesh node Mesh.017
18:04:06 | INFO: glTF import finished in 0.01s
AUDIT_3D_BLENDER [62/178] assets/models/props/prp_bell_tower.glb
18:04:06 | INFO: Data are loaded, start creating Blender stuff
18:04:06 | INFO: Blender create Mesh node Mesh.022
18:04:06 | INFO: glTF import finished in 0.08s
AUDIT_3D_BLENDER [63/178] assets/models/props/prp_bench.glb
18:04:06 | INFO: Data are loaded, start creating Blender stuff
18:04:06 | INFO: Blender create Mesh node Mesh.020
18:04:06 | INFO: glTF import finished in 0.00s
AUDIT_3D_BLENDER [64/178] assets/models/props/prp_boulder.glb
18:04:06 | INFO: Data are loaded, start creating Blender stuff
18:04:06 | INFO: Blender create Mesh node Cube.002_Retopology.001
18:04:06 | INFO: glTF import finished in 0.01s
AUDIT_3D_BLENDER [65/178] assets/models/props/prp_brazier.glb
18:04:06 | INFO: Data are loaded, start creating Blender stuff
18:04:06 | INFO: Blender create Mesh node Mesh
18:04:06 | INFO: glTF import finished in 0.01s
AUDIT_3D_BLENDER [66/178] assets/models/props/prp_bush_flowering.glb
18:04:06 | INFO: Data are loaded, start creating Blender stuff
18:04:06 | INFO: Blender create Mesh node Mesh.027
18:04:06 | INFO: glTF import finished in 0.02s
AUDIT_3D_BLENDER [67/178] assets/models/props/prp_cache_chest.glb
18:04:06 | INFO: Data are loaded, start creating Blender stuff
18:04:06 | INFO: Blender create Mesh node Mesh
18:04:06 | INFO: glTF import finished in 0.01s
AUDIT_3D_BLENDER [68/178] assets/models/props/prp_cache_chest_open.glb
18:04:06 | INFO: Data are loaded, start creating Blender stuff
18:04:06 | INFO: Blender create Mesh node Mesh
18:04:06 | INFO: glTF import finished in 0.11s
AUDIT_3D_BLENDER [69/178] assets/models/props/prp_campfire.glb
18:04:06 | INFO: Data are loaded, start creating Blender stuff
18:04:06 | INFO: Blender create Mesh node Mesh
18:04:06 | INFO: glTF import finished in 0.01s
AUDIT_3D_BLENDER [70/178] assets/models/props/prp_cart.glb
18:04:06 | INFO: Data are loaded, start creating Blender stuff
18:04:06 | INFO: Blender create Mesh node Mesh.016
18:04:06 | INFO: glTF import finished in 0.02s
AUDIT_3D_BLENDER [71/178] assets/models/props/prp_cauldron.glb
18:04:06 | INFO: Data are loaded, start creating Blender stuff
18:04:06 | INFO: Blender create Mesh node Mesh.024
18:04:06 | INFO: glTF import finished in 0.01s
AUDIT_3D_BLENDER [72/178] assets/models/props/prp_clover.glb
18:04:06 | INFO: Data are loaded, start creating Blender stuff
18:04:06 | INFO: Blender create Mesh node Cylinder.018
18:04:06 | INFO: glTF import finished in 0.00s
AUDIT_3D_BLENDER [73/178] assets/models/props/prp_crate.glb
18:04:06 | INFO: Data are loaded, start creating Blender stuff
18:04:06 | INFO: Blender create Mesh node Mesh
18:04:06 | INFO: glTF import finished in 0.01s
AUDIT_3D_BLENDER [74/178] assets/models/props/prp_dock_complex.glb
18:04:06 | INFO: Data are loaded, start creating Blender stuff
18:04:06 | INFO: Blender create Mesh node Port_SecondAge_Level2
18:04:06 | INFO: glTF import finished in 0.05s
AUDIT_3D_BLENDER [75/178] assets/models/props/prp_fence.glb
18:04:07 | INFO: Data are loaded, start creating Blender stuff
18:04:07 | INFO: Blender create Mesh node Mesh.025
18:04:07 | INFO: glTF import finished in 0.00s
AUDIT_3D_BLENDER [76/178] assets/models/props/prp_fern.glb
18:04:07 | INFO: Data are loaded, start creating Blender stuff
18:04:07 | INFO: Blender create Mesh node Plane.023
18:04:07 | INFO: glTF import finished in 0.00s
AUDIT_3D_BLENDER [77/178] assets/models/props/prp_fishing_hut.glb
18:04:07 | INFO: Data are loaded, start creating Blender stuff
18:04:07 | INFO: Blender create Mesh node Storage_FirstAge_Level1
18:04:07 | INFO: glTF import finished in 0.02s
AUDIT_3D_BLENDER [78/178] assets/models/props/prp_flowers_a.glb
18:04:07 | INFO: Data are loaded, start creating Blender stuff
18:04:07 | INFO: Blender create Mesh node Plane.021
18:04:07 | INFO: glTF import finished in 0.01s
AUDIT_3D_BLENDER [79/178] assets/models/props/prp_flowers_b.glb
18:04:07 | INFO: Data are loaded, start creating Blender stuff
18:04:07 | INFO: Blender create Mesh node Plane.003
18:04:07 | INFO: glTF import finished in 0.02s
AUDIT_3D_BLENDER [80/178] assets/models/props/prp_gate_palisade.glb
18:04:07 | INFO: Data are loaded, start creating Blender stuff
18:04:07 | INFO: Blender create Mesh node WallTowers_DoorClosed_FirstAge
18:04:07 | INFO: glTF import finished in 0.02s
AUDIT_3D_BLENDER [81/178] assets/models/props/prp_gazebo.glb
18:04:07 | INFO: Data are loaded, start creating Blender stuff
18:04:07 | INFO: Blender create Mesh node Mesh.023
18:04:07 | INFO: glTF import finished in 0.01s
AUDIT_3D_BLENDER [82/178] assets/models/props/prp_glacier.glb
18:04:07 | INFO: Data are loaded, start creating Blender stuff
18:04:07 | INFO: Blender create Mesh node prp_glacier
18:04:07 | INFO: glTF import finished in 0.01s
AUDIT_3D_BLENDER [83/178] assets/models/props/prp_grass_short.glb
18:04:07 | INFO: Data are loaded, start creating Blender stuff
18:04:07 | INFO: Blender create Mesh node Plane.014
18:04:07 | INFO: glTF import finished in 0.01s
AUDIT_3D_BLENDER [84/178] assets/models/props/prp_grass_tall.glb
18:04:07 | INFO: Data are loaded, start creating Blender stuff
18:04:07 | INFO: Blender create Mesh node Plane.013
18:04:07 | INFO: glTF import finished in 0.01s
AUDIT_3D_BLENDER [85/178] assets/models/props/prp_grass_wispy.glb
18:04:07 | INFO: Data are loaded, start creating Blender stuff
18:04:07 | INFO: Blender create Mesh node Plane.017
18:04:07 | INFO: glTF import finished in 0.01s
AUDIT_3D_BLENDER [86/178] assets/models/props/prp_hay.glb
18:04:07 | INFO: Data are loaded, start creating Blender stuff
18:04:07 | INFO: Blender create Mesh node Mesh.019
18:04:07 | INFO: glTF import finished in 0.01s
AUDIT_3D_BLENDER [87/178] assets/models/props/prp_jetty.glb
18:04:07 | INFO: Data are loaded, start creating Blender stuff
18:04:07 | INFO: Blender create Mesh node Dock_FirstAge
18:04:07 | INFO: glTF import finished in 0.01s
AUDIT_3D_BLENDER [88/178] assets/models/props/prp_lamp_post.glb
18:04:07 | INFO: Data are loaded, start creating Blender stuff
18:04:07 | INFO: Blender create Mesh node Mesh
18:04:07 | INFO: glTF import finished in 0.01s
AUDIT_3D_BLENDER [89/178] assets/models/props/prp_market_stand.glb
18:04:07 | INFO: Data are loaded, start creating Blender stuff
18:04:07 | INFO: Blender create Mesh node Mesh.014
18:04:07 | INFO: glTF import finished in 0.01s
AUDIT_3D_BLENDER [90/178] assets/models/props/prp_market_stand_b.glb
18:04:07 | INFO: Data are loaded, start creating Blender stuff
18:04:07 | INFO: Blender create Mesh node Mesh.015
18:04:07 | INFO: glTF import finished in 0.01s
AUDIT_3D_BLENDER [91/178] assets/models/props/prp_mine_head.glb
18:04:07 | INFO: Data are loaded, start creating Blender stuff
18:04:07 | INFO: Blender create Mesh node Mine
18:04:07 | INFO: glTF import finished in 0.01s
AUDIT_3D_BLENDER [92/178] assets/models/props/prp_mushrooms.glb
18:04:07 | INFO: Data are loaded, start creating Blender stuff
18:04:07 | INFO: Blender create Mesh node Cube.032
18:04:07 | INFO: glTF import finished in 0.00s
AUDIT_3D_BLENDER [93/178] assets/models/props/prp_ore_seam.glb
18:04:07 | INFO: Data are loaded, start creating Blender stuff
18:04:07 | INFO: Blender create Mesh node Resource_Gold_1
18:04:07 | INFO: glTF import finished in 0.01s
AUDIT_3D_BLENDER [94/178] assets/models/props/prp_pebble_a.glb
18:04:07 | INFO: Data are loaded, start creating Blender stuff
18:04:07 | INFO: Blender create Mesh node Cube.017_Retopology.008
18:04:07 | INFO: glTF import finished in 0.00s
AUDIT_3D_BLENDER [95/178] assets/models/props/prp_pebble_b.glb
18:04:07 | INFO: Data are loaded, start creating Blender stuff
18:04:07 | INFO: Blender create Mesh node Cube.017_Retopology.004
18:04:07 | INFO: glTF import finished in 0.00s
AUDIT_3D_BLENDER [96/178] assets/models/props/prp_pine_dead.glb
18:04:07 | INFO: Data are loaded, start creating Blender stuff
18:04:07 | INFO: Blender create Mesh node Mesh
18:04:07 | INFO: glTF import finished in 0.02s
AUDIT_3D_BLENDER [97/178] assets/models/props/prp_relic.glb
18:04:07 | INFO: Data are loaded, start creating Blender stuff
18:04:07 | INFO: Blender create Mesh node Mesh
18:04:07 | INFO: glTF import finished in 0.00s
AUDIT_3D_BLENDER [98/178] assets/models/props/prp_rock_cluster.glb
18:04:07 | INFO: Data are loaded, start creating Blender stuff
18:04:07 | INFO: Blender create Mesh node Mesh
18:04:07 | INFO: glTF import finished in 0.00s
AUDIT_3D_BLENDER [99/178] assets/models/props/prp_rockpath_small.glb
18:04:07 | INFO: Data are loaded, start creating Blender stuff
18:04:07 | INFO: Blender create Mesh node Cube.017_Retopology.012
18:04:07 | INFO: glTF import finished in 0.01s
AUDIT_3D_BLENDER [100/178] assets/models/props/prp_rockpath_wide.glb
18:04:07 | INFO: Data are loaded, start creating Blender stuff
18:04:07 | INFO: Blender create Mesh node Cube.017_Retopology.028
18:04:07 | INFO: glTF import finished in 0.02s
AUDIT_3D_BLENDER [101/178] assets/models/props/prp_ruin_pillar.glb
18:04:07 | INFO: Data are loaded, start creating Blender stuff
18:04:07 | INFO: Blender create Mesh node Mesh
18:04:07 | INFO: glTF import finished in 0.01s
AUDIT_3D_BLENDER [102/178] assets/models/props/prp_ruin_wall.glb
18:04:07 | INFO: Data are loaded, start creating Blender stuff
18:04:07 | INFO: Blender create Mesh node Mesh
18:04:07 | INFO: glTF import finished in 0.02s
AUDIT_3D_BLENDER [103/178] assets/models/props/prp_sacks.glb
18:04:07 | INFO: Data are loaded, start creating Blender stuff
18:04:07 | INFO: Blender create Mesh node Mesh.018
18:04:07 | INFO: glTF import finished in 0.00s
AUDIT_3D_BLENDER [104/178] assets/models/props/prp_station_alchemy.glb
18:04:07 | INFO: Data are loaded, start creating Blender stuff
18:04:07 | INFO: Blender create Mesh node Mesh
18:04:07 | INFO: glTF import finished in 0.01s
AUDIT_3D_BLENDER [105/178] assets/models/props/prp_station_forge.glb
18:04:07 | INFO: Data are loaded, start creating Blender stuff
18:04:07 | INFO: Blender create Mesh node workbench-anvil.001
18:04:07 | INFO: glTF import finished in 0.00s
AUDIT_3D_BLENDER [106/178] assets/models/props/prp_station_workbench.glb
18:04:07 | INFO: Data are loaded, start creating Blender stuff
18:04:07 | INFO: Blender create Mesh node Mesh
18:04:07 | INFO: glTF import finished in 0.01s
AUDIT_3D_BLENDER [107/178] assets/models/props/prp_tent.glb
18:04:07 | INFO: Data are loaded, start creating Blender stuff
18:04:07 | INFO: Blender create Mesh node Mesh
18:04:07 | INFO: glTF import finished in 0.01s
AUDIT_3D_BLENDER [108/178] assets/models/props/prp_timber_stack.glb
18:04:07 | INFO: Data are loaded, start creating Blender stuff
18:04:07 | INFO: Blender create Mesh node Logs
18:04:07 | INFO: glTF import finished in 0.01s
AUDIT_3D_BLENDER [109/178] assets/models/props/prp_tome_stand.glb
18:04:07 | INFO: Data are loaded, start creating Blender stuff
18:04:07 | INFO: Blender create Mesh node Mesh
18:04:07 | INFO: glTF import finished in 0.01s
AUDIT_3D_BLENDER [110/178] assets/models/props/prp_training_dummy.glb
18:04:07 | INFO: Data are loaded, start creating Blender stuff
18:04:07 | INFO: Blender create Mesh node Dummy.001
18:04:07 | INFO: glTF import finished in 0.00s
AUDIT_3D_BLENDER [111/178] assets/models/props/prp_tree_broadleaf.glb
18:04:07 | INFO: Data are loaded, start creating Blender stuff
18:04:07 | INFO: Blender create Mesh node Mesh.026
18:04:07 | INFO: glTF import finished in 0.03s
AUDIT_3D_BLENDER [112/178] assets/models/props/prp_warden_post.glb
18:04:07 | INFO: Data are loaded, start creating Blender stuff
18:04:07 | INFO: Blender create Mesh node WonderWalls_FirstAge
18:04:07 | INFO: glTF import finished in 0.02s
AUDIT_3D_BLENDER [113/178] assets/models/props/prp_watch_tower.glb
18:04:07 | INFO: Data are loaded, start creating Blender stuff
18:04:07 | INFO: Blender create Mesh node WatchTower_FirstAge_Level2
18:04:07 | INFO: glTF import finished in 0.01s
AUDIT_3D_BLENDER [114/178] assets/models/props/prp_waystone.glb
18:04:07 | INFO: Data are loaded, start creating Blender stuff
18:04:07 | INFO: Blender create Mesh node Mesh
18:04:07 | INFO: glTF import finished in 0.01s
AUDIT_3D_BLENDER [115/178] assets/models/props/prp_well.glb
18:04:07 | INFO: Data are loaded, start creating Blender stuff
18:04:07 | INFO: Blender create Mesh node Mesh.021
18:04:07 | INFO: glTF import finished in 0.01s
AUDIT_3D_BLENDER [116/178] assets/models/weapons/wpn_sword_iron.glb
18:04:07 | INFO: Data are loaded, start creating Blender stuff
18:04:07 | INFO: Blender create Mesh node Sword
18:04:07 | INFO: glTF import finished in 0.01s
AUDIT_3D_BLENDER [117/178] assets/models/architecture/mod_balcony_corner.gltf
18:04:07 | INFO: Data are loaded, start creating Blender stuff
18:04:07 | INFO: Blender create Mesh node Cube.113
18:04:07 | INFO: glTF import finished in 0.07s
AUDIT_3D_BLENDER [118/178] assets/models/architecture/mod_balcony_straight.gltf
18:04:08 | INFO: Data are loaded, start creating Blender stuff
18:04:08 | INFO: Blender create Mesh node Cube.076
18:04:08 | INFO: glTF import finished in 0.02s
AUDIT_3D_BLENDER [119/178] assets/models/architecture/mod_chimney.gltf
18:04:08 | INFO: Data are loaded, start creating Blender stuff
18:04:08 | INFO: Blender create Mesh node Cube.017_Retopology.006
18:04:08 | INFO: glTF import finished in 0.03s
AUDIT_3D_BLENDER [120/178] assets/models/architecture/mod_chimney_alt.gltf
18:04:08 | INFO: Data are loaded, start creating Blender stuff
18:04:08 | INFO: Blender create Mesh node Cube.017_Retopology.005
18:04:08 | INFO: glTF import finished in 0.02s
AUDIT_3D_BLENDER [121/178] assets/models/architecture/mod_corner.gltf
18:04:08 | INFO: Data are loaded, start creating Blender stuff
18:04:08 | INFO: Blender create Mesh node Cube.023
18:04:08 | INFO: glTF import finished in 0.01s
AUDIT_3D_BLENDER [122/178] assets/models/architecture/mod_door.gltf
18:04:08 | INFO: Data are loaded, start creating Blender stuff
18:04:08 | INFO: Blender create Mesh node Cube.235
18:04:08 | INFO: glTF import finished in 0.02s
AUDIT_3D_BLENDER [123/178] assets/models/architecture/mod_floor_stone.gltf
18:04:08 | INFO: Data are loaded, start creating Blender stuff
18:04:08 | INFO: Blender create Mesh node Plane.013
18:04:08 | INFO: glTF import finished in 0.02s
AUDIT_3D_BLENDER [124/178] assets/models/architecture/mod_floor_wood.gltf
18:04:08 | INFO: Data are loaded, start creating Blender stuff
18:04:08 | INFO: Blender create Mesh node Plane.032
18:04:08 | INFO: glTF import finished in 0.01s
AUDIT_3D_BLENDER [125/178] assets/models/architecture/mod_gable_4.gltf
18:04:08 | INFO: Data are loaded, start creating Blender stuff
18:04:08 | INFO: Blender create Mesh node Cube.182
18:04:08 | INFO: glTF import finished in 0.02s
AUDIT_3D_BLENDER [126/178] assets/models/architecture/mod_gable_6.gltf
18:04:08 | INFO: Data are loaded, start creating Blender stuff
18:04:08 | INFO: Blender create Mesh node Cube.101
18:04:08 | INFO: glTF import finished in 0.01s
AUDIT_3D_BLENDER [127/178] assets/models/architecture/mod_gable_8.gltf
18:04:08 | INFO: Data are loaded, start creating Blender stuff
18:04:08 | INFO: Blender create Mesh node Cube.166
18:04:08 | INFO: glTF import finished in 0.02s
AUDIT_3D_BLENDER [128/178] assets/models/architecture/mod_roof_4x4.gltf
18:04:08 | INFO: Data are loaded, start creating Blender stuff
18:04:08 | INFO: Blender create Mesh node Cube.110
18:04:08 | INFO: glTF import finished in 0.04s
AUDIT_3D_BLENDER [129/178] assets/models/architecture/mod_roof_4x6.gltf
18:04:08 | INFO: Data are loaded, start creating Blender stuff
18:04:08 | INFO: Blender create Mesh node Cube.074
18:04:08 | INFO: glTF import finished in 0.04s
AUDIT_3D_BLENDER [130/178] assets/models/architecture/mod_roof_4x8.gltf
18:04:08 | INFO: Data are loaded, start creating Blender stuff
18:04:08 | INFO: Blender create Mesh node Cube.060
18:04:08 | INFO: glTF import finished in 0.03s
AUDIT_3D_BLENDER [131/178] assets/models/architecture/mod_roof_6x10.gltf
18:04:08 | INFO: Data are loaded, start creating Blender stuff
18:04:08 | INFO: Blender create Mesh node Cube.030
18:04:08 | INFO: glTF import finished in 0.03s
AUDIT_3D_BLENDER [132/178] assets/models/architecture/mod_roof_6x6.gltf
18:04:08 | INFO: Data are loaded, start creating Blender stuff
18:04:08 | INFO: Blender create Mesh node Cube.152
18:04:08 | INFO: glTF import finished in 0.02s
AUDIT_3D_BLENDER [133/178] assets/models/architecture/mod_roof_6x8.gltf
18:04:08 | INFO: Data are loaded, start creating Blender stuff
18:04:08 | INFO: Blender create Mesh node Cube.015
18:04:08 | INFO: glTF import finished in 0.03s
AUDIT_3D_BLENDER [134/178] assets/models/architecture/mod_roof_8x8.gltf
18:04:08 | INFO: Data are loaded, start creating Blender stuff
18:04:08 | INFO: Blender create Mesh node Cube.020
18:04:08 | INFO: glTF import finished in 0.02s
AUDIT_3D_BLENDER [135/178] assets/models/architecture/mod_roof_awning.gltf
18:04:08 | INFO: Data are loaded, start creating Blender stuff
18:04:08 | INFO: Blender create Mesh node Cube.044
18:04:08 | INFO: glTF import finished in 0.02s
AUDIT_3D_BLENDER [136/178] assets/models/architecture/mod_roof_dormer.gltf
18:04:08 | INFO: Data are loaded, start creating Blender stuff
18:04:08 | INFO: Blender create Mesh node Cube.197
18:04:08 | INFO: glTF import finished in 0.04s
AUDIT_3D_BLENDER [137/178] assets/models/architecture/mod_roof_supports.gltf
18:04:08 | INFO: Data are loaded, start creating Blender stuff
18:04:08 | INFO: Blender create Mesh node Cube.108
18:04:08 | INFO: glTF import finished in 0.01s
AUDIT_3D_BLENDER [138/178] assets/models/architecture/mod_shutters_thin_closed.gltf
18:04:08 | INFO: Data are loaded, start creating Blender stuff
18:04:08 | INFO: Blender create Mesh node Cube.184
18:04:08 | INFO: glTF import finished in 0.01s
AUDIT_3D_BLENDER [139/178] assets/models/architecture/mod_shutters_wide_open.gltf
18:04:08 | INFO: Data are loaded, start creating Blender stuff
18:04:08 | INFO: Blender create Mesh node Cube.178
18:04:08 | INFO: glTF import finished in 0.01s
AUDIT_3D_BLENDER [140/178] assets/models/architecture/mod_stairs_exterior.gltf
18:04:08 | INFO: Data are loaded, start creating Blender stuff
18:04:08 | INFO: Blender create Mesh node Cube.048
18:04:08 | INFO: glTF import finished in 0.02s
AUDIT_3D_BLENDER [141/178] assets/models/architecture/mod_vine.gltf
18:04:08 | INFO: Data are loaded, start creating Blender stuff
18:04:08 | INFO: Blender create Mesh node Plane
18:04:08 | INFO: glTF import finished in 0.00s
AUDIT_3D_BLENDER [142/178] assets/models/architecture/mod_wall_arch.gltf
18:04:08 | INFO: Data are loaded, start creating Blender stuff
18:04:08 | INFO: Blender create Mesh node Plane.007
18:04:08 | INFO: glTF import finished in 0.01s
AUDIT_3D_BLENDER [143/178] assets/models/architecture/mod_wall_base.gltf
18:04:08 | INFO: Data are loaded, start creating Blender stuff
18:04:08 | INFO: Blender create Mesh node Cube.192
18:04:08 | INFO: glTF import finished in 0.01s
AUDIT_3D_BLENDER [144/178] assets/models/architecture/mod_wall_door.gltf
18:04:08 | INFO: Data are loaded, start creating Blender stuff
18:04:08 | INFO: Blender create Mesh node Cube.227
18:04:08 | INFO: glTF import finished in 0.03s
AUDIT_3D_BLENDER [145/178] assets/models/architecture/mod_wall_plain.gltf
18:04:08 | INFO: Data are loaded, start creating Blender stuff
18:04:08 | INFO: Blender create Mesh node Cube.027
18:04:08 | INFO: glTF import finished in 0.03s
AUDIT_3D_BLENDER [146/178] assets/models/architecture/mod_wall_stone.gltf
18:04:08 | INFO: Data are loaded, start creating Blender stuff
18:04:08 | INFO: Blender create Mesh node Cube.059
18:04:08 | INFO: glTF import finished in 0.04s
AUDIT_3D_BLENDER [147/178] assets/models/architecture/mod_wall_stone_door.gltf
18:04:08 | INFO: Data are loaded, start creating Blender stuff
18:04:08 | INFO: Blender create Mesh node Cube.009
18:04:08 | INFO: glTF import finished in 0.02s
AUDIT_3D_BLENDER [148/178] assets/models/architecture/mod_wall_stone_window.gltf
18:04:08 | INFO: Data are loaded, start creating Blender stuff
18:04:08 | INFO: Blender create Mesh node Cube.200
18:04:08 | INFO: glTF import finished in 0.03s
AUDIT_3D_BLENDER [149/178] assets/models/architecture/mod_wall_stone_window_thin.gltf
18:04:08 | INFO: Data are loaded, start creating Blender stuff
18:04:08 | INFO: Blender create Mesh node Cube.123
18:04:09 | INFO: glTF import finished in 0.03s
AUDIT_3D_BLENDER [150/178] assets/models/architecture/mod_wall_timber.gltf
18:04:09 | INFO: Data are loaded, start creating Blender stuff
18:04:09 | INFO: Blender create Mesh node Cube.118
18:04:09 | INFO: glTF import finished in 0.03s
AUDIT_3D_BLENDER [151/178] assets/models/architecture/mod_wall_window.gltf
18:04:09 | INFO: Data are loaded, start creating Blender stuff
18:04:09 | INFO: Blender create Mesh node Cube.220
18:04:09 | INFO: glTF import finished in 0.02s
AUDIT_3D_BLENDER [152/178] assets/models/architecture/mod_wall_window_thin.gltf
18:04:09 | INFO: Data are loaded, start creating Blender stuff
18:04:09 | INFO: Blender create Mesh node Plane.022
18:04:09 | INFO: glTF import finished in 0.02s
AUDIT_3D_BLENDER [153/178] assets/models/architecture/mod_window_thin.gltf
18:04:09 | INFO: Data are loaded, start creating Blender stuff
18:04:09 | INFO: Blender create Mesh node Cube.128
18:04:09 | INFO: glTF import finished in 0.01s
AUDIT_3D_BLENDER [154/178] assets/models/architecture/mod_window_wide.gltf
18:04:09 | INFO: Data are loaded, start creating Blender stuff
18:04:09 | INFO: Blender create Mesh node Cube.147
18:04:09 | INFO: glTF import finished in 0.01s
AUDIT_3D_BLENDER [155/178] assets/models/props/prp_anvil.gltf
18:04:09 | INFO: Data are loaded, start creating Blender stuff
18:04:09 | INFO: Blender create Mesh node Cube.025
18:04:09 | INFO: glTF import finished in 0.02s
AUDIT_3D_BLENDER [156/178] assets/models/props/prp_anvil_log.gltf
18:04:09 | INFO: Data are loaded, start creating Blender stuff
18:04:09 | INFO: Blender create Mesh node Cylinder.036
18:04:09 | INFO: glTF import finished in 0.04s
AUDIT_3D_BLENDER [157/178] assets/models/props/prp_bed.gltf
18:04:09 | INFO: Data are loaded, start creating Blender stuff
18:04:09 | INFO: Blender create Mesh node Cube.188
18:04:09 | INFO: glTF import finished in 0.04s
AUDIT_3D_BLENDER [158/178] assets/models/props/prp_book_stand.gltf
18:04:09 | INFO: Data are loaded, start creating Blender stuff
18:04:09 | INFO: Blender create Mesh node Cube.169
18:04:09 | INFO: glTF import finished in 0.03s
AUDIT_3D_BLENDER [159/178] assets/models/props/prp_bookcase.gltf
18:04:09 | INFO: Data are loaded, start creating Blender stuff
18:04:09 | INFO: Blender create Mesh node Cube.168
18:04:09 | INFO: glTF import finished in 0.02s
AUDIT_3D_BLENDER [160/178] assets/models/props/prp_cabinet.gltf
18:04:09 | INFO: Data are loaded, start creating Blender stuff
18:04:09 | INFO: Blender create Mesh node Cube.098
18:04:09 | INFO: glTF import finished in 0.02s
AUDIT_3D_BLENDER [161/178] assets/models/props/prp_candles.gltf
18:04:09 | INFO: Data are loaded, start creating Blender stuff
18:04:09 | INFO: Blender create Mesh node Cylinder.091
18:04:09 | INFO: glTF import finished in 0.03s
AUDIT_3D_BLENDER [162/178] assets/models/props/prp_chair.gltf
18:04:09 | INFO: Data are loaded, start creating Blender stuff
18:04:09 | INFO: Blender create Mesh node Cube.180
18:04:09 | INFO: glTF import finished in 0.02s
AUDIT_3D_BLENDER [163/178] assets/models/props/prp_chandelier.gltf
18:04:09 | INFO: Data are loaded, start creating Blender stuff
18:04:09 | INFO: Blender create Mesh node Cylinder.092
18:04:09 | INFO: glTF import finished in 0.07s
AUDIT_3D_BLENDER [164/178] assets/models/props/prp_chest_wood.gltf
18:04:09 | INFO: Data are loaded, start creating Blender stuff
18:04:09 | INFO: Blender create Mesh node Cube.010
18:04:09 | INFO: Blender create Mesh node Cube.024
18:04:09 | INFO: glTF import finished in 0.05s
AUDIT_3D_BLENDER [165/178] assets/models/props/prp_crate_wood.gltf
18:04:09 | INFO: Data are loaded, start creating Blender stuff
18:04:09 | INFO: Blender create Mesh node Cube.017
18:04:09 | INFO: glTF import finished in 0.02s
AUDIT_3D_BLENDER [166/178] assets/models/props/prp_lantern_wall.gltf
18:04:09 | INFO: Data are loaded, start creating Blender stuff
18:04:09 | INFO: Blender create Mesh node Cube.018
18:04:09 | INFO: glTF import finished in 0.03s
AUDIT_3D_BLENDER [167/178] assets/models/props/prp_nightstand.gltf
18:04:09 | INFO: Data are loaded, start creating Blender stuff
18:04:09 | INFO: Blender create Mesh node Cube.131
18:04:09 | INFO: glTF import finished in 0.01s
AUDIT_3D_BLENDER [168/178] assets/models/props/prp_pot.gltf
18:04:09 | INFO: Data are loaded, start creating Blender stuff
18:04:09 | INFO: Blender create Mesh node Cube.049
18:04:09 | INFO: glTF import finished in 0.02s
AUDIT_3D_BLENDER [169/178] assets/models/props/prp_rope.gltf
18:04:09 | INFO: Data are loaded, start creating Blender stuff
18:04:09 | INFO: Blender create Mesh node BezierCurve.004
18:04:09 | INFO: glTF import finished in 0.01s
AUDIT_3D_BLENDER [170/178] assets/models/props/prp_shelf.gltf
18:04:09 | INFO: Data are loaded, start creating Blender stuff
18:04:09 | INFO: Blender create Mesh node Cube.103
18:04:09 | INFO: glTF import finished in 0.01s
AUDIT_3D_BLENDER [171/178] assets/models/props/prp_shelf_arch.gltf
18:04:09 | INFO: Data are loaded, start creating Blender stuff
18:04:09 | INFO: Blender create Mesh node Cylinder.032
18:04:09 | INFO: glTF import finished in 0.03s
AUDIT_3D_BLENDER [172/178] assets/models/props/prp_stall_cart.gltf
18:04:09 | INFO: Data are loaded, start creating Blender stuff
18:04:09 | INFO: Blender create Mesh node Cylinder.094
18:04:09 | INFO: glTF import finished in 0.04s
AUDIT_3D_BLENDER [173/178] assets/models/props/prp_stall_empty.gltf
18:04:09 | INFO: Data are loaded, start creating Blender stuff
18:04:09 | INFO: Blender create Mesh node Cube.212
18:04:09 | INFO: glTF import finished in 0.02s
AUDIT_3D_BLENDER [174/178] assets/models/props/prp_stool.gltf
18:04:09 | INFO: Data are loaded, start creating Blender stuff
18:04:09 | INFO: Blender create Mesh node Cube.097
18:04:09 | INFO: glTF import finished in 0.01s
AUDIT_3D_BLENDER [175/178] assets/models/props/prp_table_large.gltf
18:04:09 | INFO: Data are loaded, start creating Blender stuff
18:04:09 | INFO: Blender create Mesh node Cube.084
18:04:10 | INFO: glTF import finished in 0.01s
AUDIT_3D_BLENDER [176/178] assets/models/props/prp_weapon_rack.gltf
18:04:10 | INFO: Data are loaded, start creating Blender stuff
18:04:10 | INFO: Blender create Mesh node Cube.081
18:04:10 | INFO: glTF import finished in 0.02s
AUDIT_3D_BLENDER [177/178] assets/models/props/prp_weapon_stand.gltf
18:04:10 | INFO: Data are loaded, start creating Blender stuff
18:04:10 | INFO: Blender create Mesh node Cube.081
18:04:10 | INFO: glTF import finished in 0.03s
AUDIT_3D_BLENDER [178/178] assets/models/props/prp_workbench.gltf
18:04:10 | INFO: Data are loaded, start creating Blender stuff
18:04:10 | INFO: Blender create Mesh node Cube.163
18:04:10 | INFO: glTF import finished in 0.03s
Blender 5.1.2 (hash ec6e62d40fa9 built 2026-05-19 01:37:34)
