111 case(s). Each one breaks a rule, proves the right rule fired, and puts the data back.

[1/111] shop.markup_below_one (ValidateShops) ... caught
[2/111] shop.sell_beats_buy (ValidateShops) ... caught
[3/111] shop.negative_restock (ValidateShopRestock) ... caught
[4/111] shop.hour_out_of_range (ValidateShopHours) ... caught
[5/111] shop.haggle_not_a_percentage (ValidateShopHaggle) ... caught
[6/111] shop.haggle_costs_nothing (ValidateShopHaggle) ... caught
[7/111] shop.free_investment_rung (ValidateShopInvestment) ... caught
[8/111] shop.unknown_cell (ValidateShopCell) ... caught
[9/111] shop.unknown_accepted_tag (ValidateShopTrade) ... caught
[10/111] shop.unknown_specialty_tag (ValidateShopTrade) ... caught
[11/111] shop.spread_too_thin (ValidateShopTrade) ... caught
[12/111] shop.consign_never_matures (ValidateShopConsignment) ... caught
[13/111] shop.consign_commission_out_of_range (ValidateShopConsignment) ... caught
[14/111] shop.fence_moves_nothing (ValidateShopContraband) ... caught
[15/111] realm.contraband_unsellable (ValidateContrabandReachability) ... caught
[16/111] realm.consumables_behind_a_traveller (ValidateEssentialsAreResident) ... caught
[17/111] cell.unknown_surplus_tag (ValidateCellTrade) ... caught
[18/111] cell.awash_and_short_at_once (ValidateCellTrade) ... caught
[19/111] cell.unknown_shock_tag (ValidateCellShocks) ... caught
[20/111] cell.duplicate_shock_candidate (ValidateCellShocks) ... caught
[21/111] region.toll_flag_nobody_sells (ValidateTolls) ... caught
[22/111] world.loading_budget_zero (ValidateRegions) ... caught
[23/111] world.terrain_vertex_budget_exceeded (ValidateRegions) ... caught
[24/111] world.terrain_blend_inverted (ValidateRegions) ... caught
[25/111] world.scatter_source_missing (ValidateRegions) ... caught
[26/111] world.hlod_reduction_invalid (ValidateRegions) ... caught
[27/111] world.route_grade_unwalkable (ValidateRegions) ... caught
[28/111] world.landform_falloff_invalid (ValidateRegions) ... caught
[29/111] contract.nothing_to_deliver (ValidateContracts) ... caught
[30/111] contract.pays_nothing (ValidateContracts) ... caught
[31/111] board.more_slots_than_postings (ValidateBoardsHaveEnoughPostings) ... caught
[32/111] service.negative_price (ValidateServices) ... caught
[33/111] kind.trainer_unknown_recipe (ValidateServiceKind/Trainer) ... caught
[34/111] kind.inn_with_a_flag (ValidateServiceKind/Inn) ... caught
[35/111] kind.search_is_sold (ValidateServiceKind/Search) ... caught
[36/111] kind.redeem_is_free (ValidateServiceKind/Redeem) ... caught
[37/111] kind.collect_charges_a_fee (ValidateServiceKind/Collect) ... caught
[38/111] kind.appraisal_charges_a_fee (ValidateServiceKind/Appraise) ... caught
[39/111] kind.passage_grants_no_flag (ValidateServiceKind/Passage) ... caught
[40/111] kind.free_mercenary (ValidateServiceKind/Mercenary) ... caught
[41/111] kind.empty_contract_board (ValidateServiceKind/Contracts) ... caught
[42/111] kind.wager_pays_less_than_the_stake (ValidateWager) ... caught
[43/111] kind.wager_table_is_shut (ValidateWager) ... caught
[44/111] kind.commission_without_labour (ValidateCommission) ... caught
[45/111] kind.commission_unknown_materials_shop (ValidateCommission) ... caught
[46/111] realm.seizure_is_permanent (ValidateConfiscationIsRecoverable) ... caught
[47/111] realm.consignment_unpayable (ValidateConsignmentIsPayable) ... caught
[48/111] item.unknown_trade_tag (ValidateItemTags) ... caught
[49/111] locale.breakdown_key_missing (ValidateBreakdownKeys) ... caught
[50/111] stepup.navmesh_out_of_reach (ValidateStepUp) ... caught
[51/111] stepup.agent_off_voxel_grid (ValidateStepUp) ... caught
[52/111] travel.mounted_line_unauthored (ValidateBreakdownKeys) ... caught
[53/111] mount.flag_unreachable (ValidateMount) ... caught
[54/111] maploc.name_unauthored (ValidateMapLocations) ... caught
[55/111] maploc.shop_missing (ValidateMapLocations) ... caught
[56/111] maploc.cell_missing (ValidateMapLocations) ... caught
[57/111] maploc.scene_names_unknown_id (ValidateMapMarkersArePlaced) ... caught
[58/111] maploc.shop_not_on_the_map (ValidateEverythingIsOnTheMap) ... caught
[59/111] maploc.service_not_on_the_map (ValidateEverythingIsOnTheMap) ... caught
[60/111] maploc.property_not_on_the_map (ValidateEverythingIsOnTheMap) ... caught
[61/111] maploc.category_unnamed (ValidateMapTaxonomyIsNamed) ... caught
[62/111] hud.compass_point_unnamed (ValidateHudComputedKeys) ... caught
[63/111] hud.distance_unit_unnamed (ValidateHudComputedKeys) ... caught
[64/111] hud.day_phase_unnamed (ValidateHudComputedKeys) ... caught
[65/111] quest.objective_unknown_location (ValidateQuests) ... caught
[66/111] quest.reach_unknown_location (ValidateQuests) ... caught
[67/111] quest.talk_unknown_dialogue (ValidateQuests) ... caught
[68/111] quest.reach_with_redundant_location (ValidateQuests) ... caught
[69/111] quest.title_is_literal_text (ValidateQuestStringsAreKeys) ... caught
[70/111] quest.objective_description_is_literal_text (ValidateQuestStringsAreKeys) ... caught
[71/111] quest.escort_unknown_companion (ValidateQuests) ... caught
[72/111] quest.escort_without_destination (ValidateQuests) ... caught
[73/111] quest.defend_unknown_location (ValidateQuests) ... caught
[74/111] quest.defend_hold_too_short (ValidateQuests) ... caught
[75/111] quest.interact_unplaced_id (ValidateInteractIdsArePlaced) ... caught
[76/111] scene_id.interact_id_authored_twice (ValidateInteractIdsArePlaced) ... caught
[77/111] quest.stealth_with_a_target (ValidateQuests) ... caught
[78/111] quest.only_stealth_objectives (ValidateQuestCompletability) ... caught
[79/111] quest.deadline_too_short (ValidateQuestCompletability) ... caught
[80/111] maploc.location_never_placed (ValidateMapMarkersArePlaced) ... caught
[81/111] scene_id.service_unknown (ValidateSceneAuthoredIds) ... caught
[82/111] scene_id.shop_unknown (ValidateSceneAuthoredIds) ... caught
[83/111] scene_id.dialogue_unknown (ValidateSceneAuthoredIds) ... caught
[84/111] quest.branch_flag_never_set (ValidateStoryFlags) ... caught
[85/111] quest.gate_contradicts_itself (ValidateQuests) ... caught
[86/111] quest.stealth_objective_gated (ValidateQuests) ... caught
[87/111] quest.sequential_with_one_objective (ValidateQuestCompletability) ... caught
[88/111] quest.whole_quest_gated_on_one_flag (ValidateQuestCompletability) ... caught
[89/111] quest.completion_flag_wrong_family (ValidateStoryFlags) ... caught
[90/111] quest.completion_flag_self_gates_objective (ValidateQuestCompletionFlagsDoNotSelfGate) ... caught
[91/111] world.visibility_flag_never_written (ValidateStoryFlags) ... caught
[92/111] shrine.grants_no_bonus (ValidateShrines) ... caught
[93/111] shrine.required_six (ValidateShrines) ... caught
[94/111] shrine.body_required (ValidateShrineWorldBodies) ... caught
[95/111] shrine.refusal_always (ValidateShrines) ... caught
[96/111] shrine.refusal_never (ValidateShrines) ... caught
[97/111] shrine.body_names_resource (ValidateSceneAuthoredIds) ... caught
[98/111] guild.declares_no_ranks (ValidateGuilds) ... caught
[99/111] guild.unlisted_faction_declares_ranks (ValidateGuilds) ... caught
[100/111] guild.too_many_ranks (ValidateGuilds) ... caught
[101/111] guild.rank_key_missing (ValidateGuilds) ... caught
[102/111] guild.hub_missing (ValidateGuildHubs) ... caught
[103/111] guild.hub_names_no_location (ValidateGuildHubs) ... caught
[104/111] guild.officer_missing (ValidateGuildHubs) ... caught
[105/111] guild.officer_not_placed (ValidateGuildHubs) ... caught
[106/111] guild.officer_placed_twice (ValidateGuildHubs) ... caught
[107/111] guild.officer_owned_twice (ValidateGuildHubs) ... caught
[108/111] guild.condition_rank_negative (ValidateGuildDialogueConditions) ... caught
[109/111] guild.condition_rank_above_declared (ValidateGuildDialogueConditions) ... caught
[110/111] guild.condition_names_a_non_guild (ValidateGuildDialogueConditions) ... caught
[111/111] guild.hub_on_a_non_guild (ValidateGuildHubs) ... caught

restoring and re-checking the tree ... preserved
proving the battery recovers: --validate on restored data ... exit 0

OK: 111 rule(s) broken and restored, each caught by its own refusal.
