AUDIT_3D_BLENDER [1/151] assets/models/animations/anim_library.glb
20:57:23 | INFO: Data are loaded, start creating Blender stuff
20:57:23 | INFO: Blender create Mesh node Mannequin
20:57:28 | INFO: glTF import finished in 5.64s
AUDIT_3D_BLENDER [2/151] assets/models/architecture/bld_blacksmith.glb
20:57:28 | INFO: Data are loaded, start creating Blender stuff
20:57:28 | INFO: Blender create Mesh node Mesh
20:57:29 | INFO: glTF import finished in 0.13s
AUDIT_3D_BLENDER [3/151] assets/models/architecture/bld_cottage.glb
20:57:29 | INFO: Data are loaded, start creating Blender stuff
20:57:29 | INFO: Blender create Mesh node Mesh
20:57:29 | INFO: glTF import finished in 0.05s
AUDIT_3D_BLENDER [4/151] assets/models/architecture/bld_house_a.glb
20:57:29 | INFO: Data are loaded, start creating Blender stuff
20:57:29 | INFO: Blender create Mesh node House_1
20:57:29 | INFO: glTF import finished in 0.11s
AUDIT_3D_BLENDER [5/151] assets/models/architecture/bld_house_b.glb
20:57:29 | INFO: Data are loaded, start creating Blender stuff
20:57:29 | INFO: Blender create Mesh node Farm_SecondAge_Level3
20:57:29 | INFO: glTF import finished in 0.05s
AUDIT_3D_BLENDER [6/151] assets/models/architecture/bld_inn.glb
20:57:29 | INFO: Data are loaded, start creating Blender stuff
20:57:29 | INFO: Blender create Mesh node Mesh
20:57:29 | INFO: glTF import finished in 0.11s
AUDIT_3D_BLENDER [7/151] assets/models/characters/chr_player_base.glb
20:57:30 | INFO: Data are loaded, start creating Blender stuff
20:57:30 | INFO: Blender create Mesh node Adventurer_Body
20:57:31 | INFO: Blender create Mesh node Adventurer_Feet
20:57:31 | INFO: Blender create Mesh node Adventurer_Head
20:57:31 | INFO: Blender create Mesh node Adventurer_Legs
20:57:31 | INFO: Blender create Mesh node Backpack
20:57:33 | INFO: glTF import finished in 2.97s
00:20.500  render           | Saved: 'C:\Users\magnu\Embervale\reports\3d\session-02-player-weapons-handoff\baseline-audit\renders\chr_player_base__front.png'
00:22.422  render           | Saved: 'C:\Users\magnu\Embervale\reports\3d\session-02-player-weapons-handoff\baseline-audit\renders\chr_player_base__back.png'
00:23.922  render           | Saved: 'C:\Users\magnu\Embervale\reports\3d\session-02-player-weapons-handoff\baseline-audit\renders\chr_player_base__left.png'
00:25.687  render           | Saved: 'C:\Users\magnu\Embervale\reports\3d\session-02-player-weapons-handoff\baseline-audit\renders\chr_player_base__right.png'
00:27.734  render           | Saved: 'C:\Users\magnu\Embervale\reports\3d\session-02-player-weapons-handoff\baseline-audit\renders\chr_player_base__front_3q.png'
00:29.937  render           | Saved: 'C:\Users\magnu\Embervale\reports\3d\session-02-player-weapons-handoff\baseline-audit\renders\chr_player_base__rear_3q.png'
00:32.578  render           | Saved: 'C:\Users\magnu\Embervale\reports\3d\session-02-player-weapons-handoff\baseline-audit\renders\chr_player_base__pose_idle.png'
00:35.281  render           | Saved: 'C:\Users\magnu\Embervale\reports\3d\session-02-player-weapons-handoff\baseline-audit\renders\chr_player_base__pose_movement.png'
00:37.937  render           | Saved: 'C:\Users\magnu\Embervale\reports\3d\session-02-player-weapons-handoff\baseline-audit\renders\chr_player_base__pose_attack.png'
00:40.875  render           | Saved: 'C:\Users\magnu\Embervale\reports\3d\session-02-player-weapons-handoff\baseline-audit\renders\chr_player_base__pose_equipment.png'
AUDIT_3D_BLENDER [8/151] assets/models/characters/fp_arm.glb
20:58:01 | INFO: Data are loaded, start creating Blender stuff
20:58:01 | INFO: Blender create Mesh node Adventurer_Body.001
20:58:01 | INFO: glTF import finished in 0.02s
00:43.125  render           | Saved: 'C:\Users\magnu\Embervale\reports\3d\session-02-player-weapons-handoff\baseline-audit\renders\fp_arm__front.png'
00:46.422  render           | Saved: 'C:\Users\magnu\Embervale\reports\3d\session-02-player-weapons-handoff\baseline-audit\renders\fp_arm__back.png'
00:48.516  render           | Saved: 'C:\Users\magnu\Embervale\reports\3d\session-02-player-weapons-handoff\baseline-audit\renders\fp_arm__left.png'
00:50.812  render           | Saved: 'C:\Users\magnu\Embervale\reports\3d\session-02-player-weapons-handoff\baseline-audit\renders\fp_arm__right.png'
00:56.625  render           | Saved: 'C:\Users\magnu\Embervale\reports\3d\session-02-player-weapons-handoff\baseline-audit\renders\fp_arm__front_3q.png'
00:59.734  render           | Saved: 'C:\Users\magnu\Embervale\reports\3d\session-02-player-weapons-handoff\baseline-audit\renders\fp_arm__rear_3q.png'
AUDIT_3D_POSE_UNRESOLVED fp_arm idle
AUDIT_3D_POSE_UNRESOLVED fp_arm movement
AUDIT_3D_POSE_UNRESOLVED fp_arm attack
AUDIT_3D_POSE_UNRESOLVED fp_arm equipment
AUDIT_3D_BLENDER [9/151] assets/models/characters/npc_adventurer_f.glb
20:58:19 | INFO: Data are loaded, start creating Blender stuff
20:58:20 | INFO: Blender create Mesh node Adventurer_Body
20:58:20 | INFO: Blender create Mesh node Adventurer_Feet
20:58:20 | INFO: Blender create Mesh node Adventurer_Head
20:58:20 | INFO: Blender create Mesh node Adventurer_Legs
20:58:20 | INFO: glTF import finished in 0.79s
AUDIT_3D_BLENDER [10/151] assets/models/characters/npc_guild_rep.glb
20:58:22 | INFO: Data are loaded, start creating Blender stuff
20:58:22 | INFO: Blender create Mesh node King_Body
20:58:22 | INFO: Blender create Mesh node King_Feet
20:58:22 | INFO: Blender create Mesh node King_Head
20:58:23 | INFO: Blender create Mesh node King_Legs
20:58:26 | INFO: glTF import finished in 3.87s
AUDIT_3D_BLENDER [11/151] assets/models/characters/npc_hooded.glb
20:58:26 | INFO: Data are loaded, start creating Blender stuff
20:58:27 | INFO: Blender create Mesh node Sword
20:58:27 | INFO: Blender create Mesh node Medieval_Body
20:58:27 | INFO: Blender create Mesh node Medieval_Feet
20:58:27 | INFO: Blender create Mesh node Medieval_Head
20:58:27 | INFO: Blender create Mesh node Medieval_Legs
20:58:28 | INFO: glTF import finished in 1.28s
AUDIT_3D_BLENDER [12/151] assets/models/characters/npc_innkeeper.glb
20:58:29 | INFO: Data are loaded, start creating Blender stuff
20:58:29 | INFO: Blender create Mesh node Adventurer_Body
20:58:29 | INFO: Blender create Mesh node Adventurer_Feet
20:58:29 | INFO: Blender create Mesh node Adventurer_Head
20:58:29 | INFO: Blender create Mesh node Adventurer_Legs
20:58:35 | INFO: glTF import finished in 5.83s
AUDIT_3D_BLENDER [13/151] assets/models/characters/npc_kael.glb
20:58:35 | INFO: Data are loaded, start creating Blender stuff
20:58:35 | INFO: Blender create Mesh node NurbsPath.001
20:58:35 | INFO: Blender create Mesh node Rogue
20:58:35 | INFO: Blender create Mesh node Rogue.001
20:58:36 | INFO: glTF import finished in 0.90s
AUDIT_3D_BLENDER [14/151] assets/models/characters/npc_merchant_f.glb
20:58:36 | INFO: Data are loaded, start creating Blender stuff
20:58:36 | INFO: Blender create Mesh node Casual_Body
20:58:37 | INFO: Blender create Mesh node Casual_Feet
20:58:37 | INFO: Blender create Mesh node Casual_Head
20:58:37 | INFO: Blender create Mesh node Casual_Legs
20:58:38 | INFO: glTF import finished in 2.31s
AUDIT_3D_BLENDER [15/151] assets/models/characters/npc_merchant_m.glb
20:58:39 | INFO: Data are loaded, start creating Blender stuff
20:58:39 | INFO: Blender create Mesh node Adventurer_Feet
20:58:39 | INFO: Blender create Mesh node Adventurer_Legs
20:58:39 | INFO: Blender create Mesh node Adventurer_Body
20:58:40 | INFO: Blender create Mesh node Adventurer_Head
20:58:40 | INFO: Blender create Mesh node Backpack
20:58:42 | INFO: glTF import finished in 2.66s
AUDIT_3D_BLENDER [16/151] assets/models/characters/npc_townsman.glb
20:58:43 | INFO: Data are loaded, start creating Blender stuff
20:58:43 | INFO: Blender create Mesh node Worker_Feet
20:58:43 | INFO: Blender create Mesh node Worker_Legs
20:58:43 | INFO: Blender create Mesh node Worker_Body
20:58:43 | INFO: Blender create Mesh node Worker_Head
20:58:45 | INFO: glTF import finished in 1.97s
AUDIT_3D_BLENDER [17/151] assets/models/characters/npc_townswoman.glb
20:58:45 | INFO: Data are loaded, start creating Blender stuff
20:58:45 | INFO: Blender create Mesh node Formad_Head
20:58:45 | INFO: Blender create Mesh node Formal_Body
20:58:46 | INFO: Blender create Mesh node Formal_Feet
20:58:46 | INFO: Blender create Mesh node Formal_Legs
20:58:46 | INFO: glTF import finished in 1.30s
AUDIT_3D_BLENDER [18/151] assets/models/characters/npc_vendor.glb
20:58:47 | INFO: Data are loaded, start creating Blender stuff
20:58:47 | INFO: Blender create Mesh node Farmer_Body
20:58:47 | INFO: Blender create Mesh node Farmer_Feet
20:58:47 | INFO: Blender create Mesh node Farmer_Head
20:58:47 | INFO: Blender create Mesh node Farmer_Pants
20:58:48 | INFO: glTF import finished in 0.69s
AUDIT_3D_BLENDER [19/151] assets/models/characters/npc_woman_dress.glb
20:58:48 | INFO: Data are loaded, start creating Blender stuff
20:58:48 | INFO: Blender create Mesh node Female
20:58:48 | INFO: glTF import finished in 0.09s
AUDIT_3D_BLENDER [20/151] assets/models/creatures/boss_iron_king.glb
20:58:48 | INFO: Data are loaded, start creating Blender stuff
20:58:48 | INFO: Blender create Mesh node King_Feet
20:58:48 | INFO: Blender create Mesh node King_Legs
20:58:48 | INFO: Blender create Mesh node King_Body
20:58:48 | INFO: Blender create Mesh node King_Head
20:58:48 | INFO: glTF import finished in 0.41s
AUDIT_3D_BLENDER [21/151] assets/models/creatures/enm_ancient_dragon.glb
20:58:48 | INFO: Data are loaded, start creating Blender stuff
20:58:48 | INFO: Blender create Mesh node Dragon
20:58:49 | INFO: glTF import finished in 0.17s
AUDIT_3D_BLENDER [22/151] assets/models/creatures/enm_arcane_echo.glb
20:58:49 | INFO: Data are loaded, start creating Blender stuff
20:58:49 | INFO: Blender create Mesh node Hywirl
20:58:49 | INFO: glTF import finished in 0.66s
AUDIT_3D_BLENDER [23/151] assets/models/creatures/enm_ash_dragon.glb
20:58:50 | INFO: Data are loaded, start creating Blender stuff
20:58:50 | INFO: Blender create Mesh node Dragon_Fly
20:58:51 | INFO: glTF import finished in 0.62s
AUDIT_3D_BLENDER [24/151] assets/models/creatures/enm_ash_maw.glb
20:58:51 | INFO: Data are loaded, start creating Blender stuff
20:58:51 | INFO: Blender create Mesh node Cactoro_Blob
20:58:51 | INFO: Blender create Mesh node Cactoro_Blob.001
20:58:51 | INFO: glTF import finished in 0.09s
AUDIT_3D_BLENDER [25/151] assets/models/creatures/enm_ashen_acolyte.glb
20:58:51 | INFO: Data are loaded, start creating Blender stuff
20:58:51 | INFO: Blender create Mesh node enm_ashen_acolyte
20:58:51 | INFO: glTF import finished in 0.10s
AUDIT_3D_BLENDER [26/151] assets/models/creatures/enm_ashfall_elk.glb
20:58:51 | INFO: Data are loaded, start creating Blender stuff
20:58:51 | INFO: Blender create Mesh node Stag
20:58:51 | INFO: Blender create Mesh node Stag_Horns
20:58:56 | INFO: glTF import finished in 4.46s
AUDIT_3D_BLENDER [27/151] assets/models/creatures/enm_bandit.glb
20:58:57 | INFO: Data are loaded, start creating Blender stuff
20:58:57 | INFO: Blender create Mesh node Casual_Body
20:58:57 | INFO: Blender create Mesh node Casual_Feet
20:58:57 | INFO: Blender create Mesh node Casual_Head
20:58:57 | INFO: Blender create Mesh node Casual_Legs
20:59:00 | INFO: glTF import finished in 3.08s
AUDIT_3D_BLENDER [28/151] assets/models/creatures/enm_barrow_wight.glb
20:59:00 | INFO: Data are loaded, start creating Blender stuff
20:59:00 | INFO: Blender create Mesh node Ghost
20:59:01 | INFO: glTF import finished in 0.81s
AUDIT_3D_BLENDER [29/151] assets/models/creatures/enm_bone_knight.glb
20:59:01 | INFO: Data are loaded, start creating Blender stuff
20:59:01 | INFO: Blender create Mesh node Ghost_Skull
20:59:02 | INFO: glTF import finished in 0.87s
AUDIT_3D_BLENDER [30/151] assets/models/creatures/enm_cinder_thrall.glb
20:59:03 | INFO: Data are loaded, start creating Blender stuff
20:59:03 | INFO: Blender create Mesh node BlueDemon
20:59:04 | INFO: glTF import finished in 1.52s
AUDIT_3D_BLENDER [31/151] assets/models/creatures/enm_cinder_wisp.glb
20:59:04 | INFO: Data are loaded, start creating Blender stuff
20:59:04 | INFO: Blender create Mesh node Pink_Blob
20:59:04 | INFO: Blender create Mesh node Pink_Blob.001
20:59:04 | INFO: glTF import finished in 0.08s
AUDIT_3D_BLENDER [32/151] assets/models/creatures/enm_clan_beast_tamer.glb
20:59:05 | INFO: Data are loaded, start creating Blender stuff
20:59:05 | INFO: Blender create Mesh node Tribal_Flying
20:59:05 | INFO: glTF import finished in 0.25s
AUDIT_3D_BLENDER [33/151] assets/models/creatures/enm_clan_raider.glb
20:59:05 | INFO: Data are loaded, start creating Blender stuff
20:59:05 | INFO: Blender create Mesh node Tribal_Flying
20:59:05 | INFO: glTF import finished in 0.21s
AUDIT_3D_BLENDER [34/151] assets/models/creatures/enm_clan_shaman.glb
20:59:05 | INFO: Data are loaded, start creating Blender stuff
20:59:05 | INFO: Blender create Mesh node Wizard_Blob
20:59:05 | INFO: Blender create Mesh node Wizard_Blob.001
20:59:05 | INFO: glTF import finished in 0.04s
AUDIT_3D_BLENDER [35/151] assets/models/creatures/enm_dire_wolf.glb
20:59:05 | INFO: Data are loaded, start creating Blender stuff
20:59:05 | INFO: Blender create Mesh node Wolf
20:59:06 | INFO: glTF import finished in 0.63s
AUDIT_3D_BLENDER [36/151] assets/models/creatures/enm_frost_drake.glb
20:59:06 | INFO: Data are loaded, start creating Blender stuff
20:59:06 | INFO: Blender create Mesh node Dragon_Fly
20:59:06 | INFO: glTF import finished in 0.07s
AUDIT_3D_BLENDER [37/151] assets/models/creatures/enm_frost_stalker.glb
20:59:06 | INFO: Data are loaded, start creating Blender stuff
20:59:06 | INFO: Blender create Mesh node Cube
20:59:08 | INFO: glTF import finished in 1.75s
AUDIT_3D_BLENDER [38/151] assets/models/creatures/enm_goblin.glb
20:59:08 | INFO: Data are loaded, start creating Blender stuff
20:59:08 | INFO: Blender create Mesh node Orc
20:59:09 | INFO: Blender create Mesh node Orc_Weapon
20:59:10 | INFO: glTF import finished in 1.20s
AUDIT_3D_BLENDER [39/151] assets/models/creatures/enm_grave_shade.glb
20:59:10 | INFO: Data are loaded, start creating Blender stuff
20:59:10 | INFO: Blender create Mesh node Ghost
20:59:10 | INFO: glTF import finished in 0.60s
AUDIT_3D_BLENDER [40/151] assets/models/creatures/enm_hollow_husk.glb
20:59:11 | INFO: Data are loaded, start creating Blender stuff
20:59:11 | INFO: Blender create Mesh node Ghost_Skull
20:59:11 | INFO: glTF import finished in 0.56s
AUDIT_3D_BLENDER [41/151] assets/models/creatures/enm_hollow_necromancer.glb
20:59:11 | INFO: Data are loaded, start creating Blender stuff
20:59:11 | INFO: Blender create Mesh node Wizard_Blob
20:59:11 | INFO: Blender create Mesh node Wizard_Blob.001
20:59:11 | INFO: glTF import finished in 0.13s
AUDIT_3D_BLENDER [42/151] assets/models/creatures/enm_rime_shard.glb
20:59:11 | INFO: Data are loaded, start creating Blender stuff
20:59:11 | INFO: Blender create Mesh node GreenSpiky_Blob
20:59:12 | INFO: Blender create Mesh node GreenSpiky_Blob.002
20:59:12 | INFO: glTF import finished in 0.17s
AUDIT_3D_BLENDER [43/151] assets/models/creatures/enm_ruin_crawler.glb
20:59:12 | INFO: Data are loaded, start creating Blender stuff
20:59:12 | INFO: Blender create Mesh node Squidle.002
20:59:13 | INFO: glTF import finished in 0.83s
AUDIT_3D_BLENDER [44/151] assets/models/creatures/enm_soldier.glb
20:59:13 | INFO: Data are loaded, start creating Blender stuff
20:59:13 | INFO: Blender create Mesh node Ninja_Blob.001
20:59:13 | INFO: glTF import finished in 0.16s
AUDIT_3D_BLENDER [45/151] assets/models/creatures/enm_stone_sentinel.glb
20:59:13 | INFO: Data are loaded, start creating Blender stuff
20:59:13 | INFO: Blender create Mesh node Goleling_Evolved
20:59:14 | INFO: glTF import finished in 0.35s
AUDIT_3D_BLENDER [46/151] assets/models/creatures/enm_storm_mote.glb
20:59:14 | INFO: Data are loaded, start creating Blender stuff
20:59:14 | INFO: Blender create Mesh node Green_Blob
20:59:14 | INFO: Blender create Mesh node Green_Blob.001
20:59:14 | INFO: glTF import finished in 0.14s
AUDIT_3D_BLENDER [47/151] assets/models/creatures/enm_syndicate_enforcer.glb
20:59:14 | INFO: Data are loaded, start creating Blender stuff
20:59:15 | INFO: Blender create Mesh node Punk_Body
20:59:15 | INFO: Blender create Mesh node Punk_Feet
20:59:15 | INFO: Blender create Mesh node Punk_Head
20:59:15 | INFO: Blender create Mesh node Punk_Legs
20:59:17 | INFO: glTF import finished in 2.99s
AUDIT_3D_BLENDER [48/151] assets/models/creatures/enm_thornback_boar.glb
20:59:18 | INFO: Data are loaded, start creating Blender stuff
20:59:18 | INFO: Blender create Mesh node Cow
20:59:20 | INFO: glTF import finished in 1.58s
AUDIT_3D_BLENDER [49/151] assets/models/creatures/enm_ward_golem.glb
20:59:20 | INFO: Data are loaded, start creating Blender stuff
20:59:20 | INFO: Blender create Mesh node Goleling
20:59:20 | INFO: glTF import finished in 0.29s
AUDIT_3D_BLENDER [50/151] assets/models/creatures/enm_wild_dragon.glb
20:59:20 | INFO: Data are loaded, start creating Blender stuff
20:59:20 | INFO: Blender create Mesh node Dragon_Fly
20:59:20 | INFO: glTF import finished in 0.28s
AUDIT_3D_BLENDER [51/151] assets/models/creatures/enm_wolf.glb
20:59:21 | INFO: Data are loaded, start creating Blender stuff
20:59:21 | INFO: Blender create Mesh node Wolf
20:59:25 | INFO: glTF import finished in 4.29s
AUDIT_3D_BLENDER [52/151] assets/models/creatures/mnt_horse.glb
20:59:25 | INFO: Data are loaded, start creating Blender stuff
20:59:25 | INFO: Blender create Mesh node Horse
20:59:27 | INFO: glTF import finished in 1.37s
AUDIT_3D_BLENDER [53/151] assets/models/props/prp_arena_wall.glb
20:59:27 | INFO: Data are loaded, start creating Blender stuff
20:59:27 | INFO: Blender create Mesh node Mesh
20:59:27 | INFO: glTF import finished in 0.05s
AUDIT_3D_BLENDER [54/151] assets/models/props/prp_banner_guild.glb
20:59:27 | INFO: Data are loaded, start creating Blender stuff
20:59:27 | INFO: Blender create Mesh node Mesh
20:59:27 | INFO: glTF import finished in 0.03s
AUDIT_3D_BLENDER [55/151] assets/models/props/prp_barrel.glb
20:59:27 | INFO: Data are loaded, start creating Blender stuff
20:59:27 | INFO: Blender create Mesh node Mesh.017
20:59:27 | INFO: glTF import finished in 0.01s
AUDIT_3D_BLENDER [56/151] assets/models/props/prp_bell_tower.glb
20:59:28 | INFO: Data are loaded, start creating Blender stuff
20:59:28 | INFO: Blender create Mesh node Mesh.022
20:59:28 | INFO: glTF import finished in 0.70s
AUDIT_3D_BLENDER [57/151] assets/models/props/prp_bench.glb
20:59:29 | INFO: Data are loaded, start creating Blender stuff
20:59:29 | INFO: Blender create Mesh node Mesh.020
20:59:29 | INFO: glTF import finished in 0.01s
AUDIT_3D_BLENDER [58/151] assets/models/props/prp_boulder.glb
20:59:29 | INFO: Data are loaded, start creating Blender stuff
20:59:29 | INFO: Blender create Mesh node Cube.002_Retopology.001
20:59:29 | INFO: glTF import finished in 0.02s
AUDIT_3D_BLENDER [59/151] assets/models/props/prp_brazier.glb
20:59:29 | INFO: Data are loaded, start creating Blender stuff
20:59:29 | INFO: Blender create Mesh node Mesh
20:59:29 | INFO: glTF import finished in 0.05s
AUDIT_3D_BLENDER [60/151] assets/models/props/prp_bush_flowering.glb
20:59:29 | INFO: Data are loaded, start creating Blender stuff
20:59:29 | INFO: Blender create Mesh node Mesh.027
20:59:29 | INFO: glTF import finished in 0.12s
AUDIT_3D_BLENDER [61/151] assets/models/props/prp_cache_chest.glb
20:59:30 | INFO: Data are loaded, start creating Blender stuff
20:59:30 | INFO: Blender create Mesh node Mesh
20:59:30 | INFO: glTF import finished in 0.06s
AUDIT_3D_BLENDER [62/151] assets/models/props/prp_cache_chest_open.glb
20:59:30 | INFO: Data are loaded, start creating Blender stuff
20:59:30 | INFO: Blender create Mesh node Mesh
20:59:30 | INFO: glTF import finished in 0.63s
AUDIT_3D_BLENDER [63/151] assets/models/props/prp_campfire.glb
20:59:32 | INFO: Data are loaded, start creating Blender stuff
20:59:32 | INFO: Blender create Mesh node Mesh
20:59:32 | INFO: glTF import finished in 0.03s
AUDIT_3D_BLENDER [64/151] assets/models/props/prp_cart.glb
20:59:32 | INFO: Data are loaded, start creating Blender stuff
20:59:32 | INFO: Blender create Mesh node Mesh.016
20:59:32 | INFO: glTF import finished in 0.05s
AUDIT_3D_BLENDER [65/151] assets/models/props/prp_cauldron.glb
20:59:32 | INFO: Data are loaded, start creating Blender stuff
20:59:32 | INFO: Blender create Mesh node Mesh.024
20:59:32 | INFO: glTF import finished in 0.03s
AUDIT_3D_BLENDER [66/151] assets/models/props/prp_clover.glb
20:59:32 | INFO: Data are loaded, start creating Blender stuff
20:59:32 | INFO: Blender create Mesh node Cylinder.018
20:59:32 | INFO: glTF import finished in 0.02s
AUDIT_3D_BLENDER [67/151] assets/models/props/prp_crate.glb
20:59:32 | INFO: Data are loaded, start creating Blender stuff
20:59:32 | INFO: Blender create Mesh node Mesh
20:59:32 | INFO: glTF import finished in 0.03s
AUDIT_3D_BLENDER [68/151] assets/models/props/prp_dock_complex.glb
20:59:32 | INFO: Data are loaded, start creating Blender stuff
20:59:32 | INFO: Blender create Mesh node Port_SecondAge_Level2
20:59:33 | INFO: glTF import finished in 0.19s
AUDIT_3D_BLENDER [69/151] assets/models/props/prp_fence.glb
20:59:33 | INFO: Data are loaded, start creating Blender stuff
20:59:33 | INFO: Blender create Mesh node Mesh.025
20:59:33 | INFO: glTF import finished in 0.01s
AUDIT_3D_BLENDER [70/151] assets/models/props/prp_fern.glb
20:59:33 | INFO: Data are loaded, start creating Blender stuff
20:59:33 | INFO: Blender create Mesh node Plane.023
20:59:33 | INFO: glTF import finished in 0.02s
AUDIT_3D_BLENDER [71/151] assets/models/props/prp_fishing_hut.glb
20:59:33 | INFO: Data are loaded, start creating Blender stuff
20:59:33 | INFO: Blender create Mesh node Storage_FirstAge_Level1
20:59:33 | INFO: glTF import finished in 0.08s
AUDIT_3D_BLENDER [72/151] assets/models/props/prp_flowers_a.glb
20:59:33 | INFO: Data are loaded, start creating Blender stuff
20:59:33 | INFO: Blender create Mesh node Plane.021
20:59:33 | INFO: glTF import finished in 0.03s
AUDIT_3D_BLENDER [73/151] assets/models/props/prp_flowers_b.glb
20:59:33 | INFO: Data are loaded, start creating Blender stuff
20:59:33 | INFO: Blender create Mesh node Plane.003
20:59:34 | INFO: glTF import finished in 0.05s
AUDIT_3D_BLENDER [74/151] assets/models/props/prp_gate_palisade.glb
20:59:34 | INFO: Data are loaded, start creating Blender stuff
20:59:34 | INFO: Blender create Mesh node WallTowers_DoorClosed_FirstAge
20:59:34 | INFO: glTF import finished in 0.04s
AUDIT_3D_BLENDER [75/151] assets/models/props/prp_gazebo.glb
20:59:34 | INFO: Data are loaded, start creating Blender stuff
20:59:34 | INFO: Blender create Mesh node Mesh.023
20:59:34 | INFO: glTF import finished in 0.03s
AUDIT_3D_BLENDER [76/151] assets/models/props/prp_glacier.glb
20:59:34 | INFO: Data are loaded, start creating Blender stuff
20:59:34 | INFO: Blender create Mesh node prp_glacier
20:59:34 | INFO: glTF import finished in 0.03s
AUDIT_3D_BLENDER [77/151] assets/models/props/prp_grass_short.glb
20:59:34 | INFO: Data are loaded, start creating Blender stuff
20:59:34 | INFO: Blender create Mesh node Plane.014
20:59:34 | INFO: glTF import finished in 0.01s
AUDIT_3D_BLENDER [78/151] assets/models/props/prp_grass_tall.glb
20:59:34 | INFO: Data are loaded, start creating Blender stuff
20:59:34 | INFO: Blender create Mesh node Plane.013
20:59:34 | INFO: glTF import finished in 0.01s
AUDIT_3D_BLENDER [79/151] assets/models/props/prp_grass_wispy.glb
20:59:34 | INFO: Data are loaded, start creating Blender stuff
20:59:34 | INFO: Blender create Mesh node Plane.017
20:59:34 | INFO: glTF import finished in 0.01s
AUDIT_3D_BLENDER [80/151] assets/models/props/prp_hay.glb
20:59:34 | INFO: Data are loaded, start creating Blender stuff
20:59:34 | INFO: Blender create Mesh node Mesh.019
20:59:34 | INFO: glTF import finished in 0.01s
AUDIT_3D_BLENDER [81/151] assets/models/props/prp_jetty.glb
20:59:34 | INFO: Data are loaded, start creating Blender stuff
20:59:34 | INFO: Blender create Mesh node Dock_FirstAge
20:59:34 | INFO: glTF import finished in 0.02s
AUDIT_3D_BLENDER [82/151] assets/models/props/prp_lamp_post.glb
20:59:34 | INFO: Data are loaded, start creating Blender stuff
20:59:34 | INFO: Blender create Mesh node Mesh
20:59:34 | INFO: glTF import finished in 0.03s
AUDIT_3D_BLENDER [83/151] assets/models/props/prp_market_stand.glb
20:59:34 | INFO: Data are loaded, start creating Blender stuff
20:59:34 | INFO: Blender create Mesh node Mesh.014
20:59:34 | INFO: glTF import finished in 0.05s
AUDIT_3D_BLENDER [84/151] assets/models/props/prp_market_stand_b.glb
20:59:34 | INFO: Data are loaded, start creating Blender stuff
20:59:34 | INFO: Blender create Mesh node Mesh.015
20:59:34 | INFO: glTF import finished in 0.06s
AUDIT_3D_BLENDER [85/151] assets/models/props/prp_mine_head.glb
20:59:34 | INFO: Data are loaded, start creating Blender stuff
20:59:34 | INFO: Blender create Mesh node Mine
20:59:34 | INFO: glTF import finished in 0.06s
AUDIT_3D_BLENDER [86/151] assets/models/props/prp_mushrooms.glb
20:59:35 | INFO: Data are loaded, start creating Blender stuff
20:59:35 | INFO: Blender create Mesh node Cube.032
20:59:35 | INFO: glTF import finished in 0.02s
AUDIT_3D_BLENDER [87/151] assets/models/props/prp_ore_seam.glb
20:59:35 | INFO: Data are loaded, start creating Blender stuff
20:59:35 | INFO: Blender create Mesh node Resource_Gold_1
20:59:35 | INFO: glTF import finished in 0.02s
AUDIT_3D_BLENDER [88/151] assets/models/props/prp_pebble_a.glb
20:59:35 | INFO: Data are loaded, start creating Blender stuff
20:59:35 | INFO: Blender create Mesh node Cube.017_Retopology.008
20:59:35 | INFO: glTF import finished in 0.02s
AUDIT_3D_BLENDER [89/151] assets/models/props/prp_pebble_b.glb
20:59:35 | INFO: Data are loaded, start creating Blender stuff
20:59:35 | INFO: Blender create Mesh node Cube.017_Retopology.004
20:59:35 | INFO: glTF import finished in 0.01s
AUDIT_3D_BLENDER [90/151] assets/models/props/prp_pine_dead.glb
20:59:35 | INFO: Data are loaded, start creating Blender stuff
20:59:35 | INFO: Blender create Mesh node Mesh
20:59:35 | INFO: glTF import finished in 0.05s
AUDIT_3D_BLENDER [91/151] assets/models/props/prp_relic.glb
20:59:35 | INFO: Data are loaded, start creating Blender stuff
20:59:35 | INFO: Blender create Mesh node Mesh
20:59:35 | INFO: glTF import finished in 0.01s
AUDIT_3D_BLENDER [92/151] assets/models/props/prp_rock_cluster.glb
20:59:35 | INFO: Data are loaded, start creating Blender stuff
20:59:35 | INFO: Blender create Mesh node Mesh
20:59:35 | INFO: glTF import finished in 0.01s
AUDIT_3D_BLENDER [93/151] assets/models/props/prp_rockpath_small.glb
20:59:35 | INFO: Data are loaded, start creating Blender stuff
20:59:35 | INFO: Blender create Mesh node Cube.017_Retopology.012
20:59:35 | INFO: glTF import finished in 0.03s
AUDIT_3D_BLENDER [94/151] assets/models/props/prp_rockpath_wide.glb
20:59:35 | INFO: Data are loaded, start creating Blender stuff
20:59:35 | INFO: Blender create Mesh node Cube.017_Retopology.028
20:59:35 | INFO: glTF import finished in 0.09s
AUDIT_3D_BLENDER [95/151] assets/models/props/prp_ruin_pillar.glb
20:59:35 | INFO: Data are loaded, start creating Blender stuff
20:59:35 | INFO: Blender create Mesh node Mesh
20:59:35 | INFO: glTF import finished in 0.02s
AUDIT_3D_BLENDER [96/151] assets/models/props/prp_ruin_wall.glb
20:59:35 | INFO: Data are loaded, start creating Blender stuff
20:59:35 | INFO: Blender create Mesh node Mesh
20:59:35 | INFO: glTF import finished in 0.03s
AUDIT_3D_BLENDER [97/151] assets/models/props/prp_sacks.glb
20:59:35 | INFO: Data are loaded, start creating Blender stuff
20:59:35 | INFO: Blender create Mesh node Mesh.018
20:59:35 | INFO: glTF import finished in 0.01s
AUDIT_3D_BLENDER [98/151] assets/models/props/prp_station_alchemy.glb
20:59:35 | INFO: Data are loaded, start creating Blender stuff
20:59:35 | INFO: Blender create Mesh node Mesh
20:59:35 | INFO: glTF import finished in 0.03s
AUDIT_3D_BLENDER [99/151] assets/models/props/prp_station_forge.glb
20:59:35 | INFO: Data are loaded, start creating Blender stuff
20:59:35 | INFO: Blender create Mesh node workbench-anvil.001
20:59:35 | INFO: glTF import finished in 0.01s
AUDIT_3D_BLENDER [100/151] assets/models/props/prp_station_workbench.glb
20:59:35 | INFO: Data are loaded, start creating Blender stuff
20:59:35 | INFO: Blender create Mesh node Mesh
20:59:35 | INFO: glTF import finished in 0.02s
AUDIT_3D_BLENDER [101/151] assets/models/props/prp_tent.glb
20:59:36 | INFO: Data are loaded, start creating Blender stuff
20:59:36 | INFO: Blender create Mesh node Mesh
20:59:36 | INFO: glTF import finished in 0.02s
AUDIT_3D_BLENDER [102/151] assets/models/props/prp_timber_stack.glb
20:59:36 | INFO: Data are loaded, start creating Blender stuff
20:59:36 | INFO: Blender create Mesh node Logs
20:59:36 | INFO: glTF import finished in 0.02s
AUDIT_3D_BLENDER [103/151] assets/models/props/prp_tome_stand.glb
20:59:36 | INFO: Data are loaded, start creating Blender stuff
20:59:36 | INFO: Blender create Mesh node Mesh
20:59:36 | INFO: glTF import finished in 0.02s
AUDIT_3D_BLENDER [104/151] assets/models/props/prp_training_dummy.glb
20:59:36 | INFO: Data are loaded, start creating Blender stuff
20:59:36 | INFO: Blender create Mesh node Dummy.001
20:59:36 | INFO: glTF import finished in 0.01s
AUDIT_3D_BLENDER [105/151] assets/models/props/prp_tree_broadleaf.glb
20:59:36 | INFO: Data are loaded, start creating Blender stuff
20:59:36 | INFO: Blender create Mesh node Mesh.026
20:59:36 | INFO: glTF import finished in 0.05s
AUDIT_3D_BLENDER [106/151] assets/models/props/prp_warden_post.glb
20:59:36 | INFO: Data are loaded, start creating Blender stuff
20:59:36 | INFO: Blender create Mesh node WonderWalls_FirstAge
20:59:36 | INFO: glTF import finished in 0.06s
AUDIT_3D_BLENDER [107/151] assets/models/props/prp_watch_tower.glb
20:59:36 | INFO: Data are loaded, start creating Blender stuff
20:59:36 | INFO: Blender create Mesh node WatchTower_FirstAge_Level2
20:59:36 | INFO: glTF import finished in 0.02s
AUDIT_3D_BLENDER [108/151] assets/models/props/prp_waystone.glb
20:59:36 | INFO: Data are loaded, start creating Blender stuff
20:59:36 | INFO: Blender create Mesh node Mesh
20:59:36 | INFO: glTF import finished in 0.02s
AUDIT_3D_BLENDER [109/151] assets/models/props/prp_well.glb
20:59:36 | INFO: Data are loaded, start creating Blender stuff
20:59:36 | INFO: Blender create Mesh node Mesh.021
20:59:36 | INFO: glTF import finished in 0.04s
AUDIT_3D_BLENDER [110/151] assets/models/weapons/wpn_sword_iron.glb
20:59:36 | INFO: Data are loaded, start creating Blender stuff
20:59:36 | INFO: Blender create Mesh node Sword
20:59:36 | INFO: glTF import finished in 0.02s
02:18.312  render           | Saved: 'C:\Users\magnu\Embervale\reports\3d\session-02-player-weapons-handoff\baseline-audit\renders\wpn_sword_iron__front.png'
02:19.969  render           | Saved: 'C:\Users\magnu\Embervale\reports\3d\session-02-player-weapons-handoff\baseline-audit\renders\wpn_sword_iron__back.png'
02:21.891  render           | Saved: 'C:\Users\magnu\Embervale\reports\3d\session-02-player-weapons-handoff\baseline-audit\renders\wpn_sword_iron__left.png'
02:23.750  render           | Saved: 'C:\Users\magnu\Embervale\reports\3d\session-02-player-weapons-handoff\baseline-audit\renders\wpn_sword_iron__right.png'
02:25.687  render           | Saved: 'C:\Users\magnu\Embervale\reports\3d\session-02-player-weapons-handoff\baseline-audit\renders\wpn_sword_iron__front_3q.png'
02:27.828  render           | Saved: 'C:\Users\magnu\Embervale\reports\3d\session-02-player-weapons-handoff\baseline-audit\renders\wpn_sword_iron__rear_3q.png'
AUDIT_3D_POSE_UNRESOLVED wpn_sword_iron idle
AUDIT_3D_POSE_UNRESOLVED wpn_sword_iron movement
AUDIT_3D_POSE_UNRESOLVED wpn_sword_iron attack
AUDIT_3D_POSE_UNRESOLVED wpn_sword_iron equipment
AUDIT_3D_BLENDER [111/151] assets/models/architecture/mod_chimney.gltf
20:59:47 | INFO: Data are loaded, start creating Blender stuff
20:59:47 | INFO: Blender create Mesh node Cube.017_Retopology.006
20:59:47 | INFO: glTF import finished in 0.05s
AUDIT_3D_BLENDER [112/151] assets/models/architecture/mod_corner.gltf
20:59:48 | INFO: Data are loaded, start creating Blender stuff
20:59:48 | INFO: Blender create Mesh node Cube.023
20:59:48 | INFO: glTF import finished in 0.03s
AUDIT_3D_BLENDER [113/151] assets/models/architecture/mod_door.gltf
20:59:48 | INFO: Data are loaded, start creating Blender stuff
20:59:48 | INFO: Blender create Mesh node Cube.235
20:59:48 | INFO: glTF import finished in 0.04s
AUDIT_3D_BLENDER [114/151] assets/models/architecture/mod_floor_wood.gltf
20:59:48 | INFO: Data are loaded, start creating Blender stuff
20:59:48 | INFO: Blender create Mesh node Plane.032
20:59:48 | INFO: glTF import finished in 0.04s
AUDIT_3D_BLENDER [115/151] assets/models/architecture/mod_gable_4.gltf
20:59:48 | INFO: Data are loaded, start creating Blender stuff
20:59:48 | INFO: Blender create Mesh node Cube.182
20:59:48 | INFO: glTF import finished in 0.06s
AUDIT_3D_BLENDER [116/151] assets/models/architecture/mod_gable_6.gltf
20:59:48 | INFO: Data are loaded, start creating Blender stuff
20:59:48 | INFO: Blender create Mesh node Cube.101
20:59:48 | INFO: glTF import finished in 0.10s
AUDIT_3D_BLENDER [117/151] assets/models/architecture/mod_roof_4x4.gltf
20:59:48 | INFO: Data are loaded, start creating Blender stuff
20:59:48 | INFO: Blender create Mesh node Cube.110
20:59:48 | INFO: glTF import finished in 0.05s
AUDIT_3D_BLENDER [118/151] assets/models/architecture/mod_roof_4x6.gltf
20:59:48 | INFO: Data are loaded, start creating Blender stuff
20:59:48 | INFO: Blender create Mesh node Cube.074
20:59:48 | INFO: glTF import finished in 0.06s
AUDIT_3D_BLENDER [119/151] assets/models/architecture/mod_roof_6x8.gltf
20:59:48 | INFO: Data are loaded, start creating Blender stuff
20:59:48 | INFO: Blender create Mesh node Cube.015
20:59:48 | INFO: glTF import finished in 0.08s
AUDIT_3D_BLENDER [120/151] assets/models/architecture/mod_wall_base.gltf
20:59:48 | INFO: Data are loaded, start creating Blender stuff
20:59:48 | INFO: Blender create Mesh node Cube.192
20:59:48 | INFO: glTF import finished in 0.02s
AUDIT_3D_BLENDER [121/151] assets/models/architecture/mod_wall_door.gltf
20:59:48 | INFO: Data are loaded, start creating Blender stuff
20:59:48 | INFO: Blender create Mesh node Cube.227
20:59:48 | INFO: glTF import finished in 0.05s
AUDIT_3D_BLENDER [122/151] assets/models/architecture/mod_wall_plain.gltf
20:59:48 | INFO: Data are loaded, start creating Blender stuff
20:59:48 | INFO: Blender create Mesh node Cube.027
20:59:48 | INFO: glTF import finished in 0.03s
AUDIT_3D_BLENDER [123/151] assets/models/architecture/mod_wall_timber.gltf
20:59:48 | INFO: Data are loaded, start creating Blender stuff
20:59:48 | INFO: Blender create Mesh node Cube.118
20:59:48 | INFO: glTF import finished in 0.03s
AUDIT_3D_BLENDER [124/151] assets/models/architecture/mod_wall_window.gltf
20:59:48 | INFO: Data are loaded, start creating Blender stuff
20:59:48 | INFO: Blender create Mesh node Cube.220
20:59:49 | INFO: glTF import finished in 0.05s
AUDIT_3D_BLENDER [125/151] assets/models/architecture/mod_wall_window_thin.gltf
20:59:49 | INFO: Data are loaded, start creating Blender stuff
20:59:49 | INFO: Blender create Mesh node Plane.022
20:59:49 | INFO: glTF import finished in 0.06s
AUDIT_3D_BLENDER [126/151] assets/models/architecture/mod_window_thin.gltf
20:59:49 | INFO: Data are loaded, start creating Blender stuff
20:59:49 | INFO: Blender create Mesh node Cube.128
20:59:49 | INFO: glTF import finished in 0.03s
AUDIT_3D_BLENDER [127/151] assets/models/architecture/mod_window_wide.gltf
20:59:49 | INFO: Data are loaded, start creating Blender stuff
20:59:49 | INFO: Blender create Mesh node Cube.147
20:59:49 | INFO: glTF import finished in 0.02s
AUDIT_3D_BLENDER [128/151] assets/models/props/prp_anvil.gltf
20:59:49 | INFO: Data are loaded, start creating Blender stuff
20:59:49 | INFO: Blender create Mesh node Cube.025
20:59:49 | INFO: glTF import finished in 0.03s
AUDIT_3D_BLENDER [129/151] assets/models/props/prp_anvil_log.gltf
20:59:49 | INFO: Data are loaded, start creating Blender stuff
20:59:49 | INFO: Blender create Mesh node Cylinder.036
20:59:49 | INFO: glTF import finished in 0.08s
AUDIT_3D_BLENDER [130/151] assets/models/props/prp_bed.gltf
20:59:49 | INFO: Data are loaded, start creating Blender stuff
20:59:49 | INFO: Blender create Mesh node Cube.188
20:59:49 | INFO: glTF import finished in 0.11s
AUDIT_3D_BLENDER [131/151] assets/models/props/prp_book_stand.gltf
20:59:49 | INFO: Data are loaded, start creating Blender stuff
20:59:49 | INFO: Blender create Mesh node Cube.169
20:59:49 | INFO: glTF import finished in 0.04s
AUDIT_3D_BLENDER [132/151] assets/models/props/prp_bookcase.gltf
20:59:49 | INFO: Data are loaded, start creating Blender stuff
20:59:49 | INFO: Blender create Mesh node Cube.168
20:59:49 | INFO: glTF import finished in 0.06s
AUDIT_3D_BLENDER [133/151] assets/models/props/prp_cabinet.gltf
20:59:49 | INFO: Data are loaded, start creating Blender stuff
20:59:49 | INFO: Blender create Mesh node Cube.098
20:59:49 | INFO: glTF import finished in 0.07s
AUDIT_3D_BLENDER [134/151] assets/models/props/prp_candles.gltf
20:59:49 | INFO: Data are loaded, start creating Blender stuff
20:59:49 | INFO: Blender create Mesh node Cylinder.091
20:59:49 | INFO: glTF import finished in 0.07s
AUDIT_3D_BLENDER [135/151] assets/models/props/prp_chair.gltf
20:59:50 | INFO: Data are loaded, start creating Blender stuff
20:59:50 | INFO: Blender create Mesh node Cube.180
20:59:50 | INFO: glTF import finished in 0.05s
AUDIT_3D_BLENDER [136/151] assets/models/props/prp_chandelier.gltf
20:59:50 | INFO: Data are loaded, start creating Blender stuff
20:59:50 | INFO: Blender create Mesh node Cylinder.092
20:59:50 | INFO: glTF import finished in 0.10s
AUDIT_3D_BLENDER [137/151] assets/models/props/prp_chest_wood.gltf
20:59:50 | INFO: Data are loaded, start creating Blender stuff
20:59:50 | INFO: Blender create Mesh node Cube.010
20:59:50 | INFO: Blender create Mesh node Cube.024
20:59:50 | INFO: glTF import finished in 0.16s
AUDIT_3D_BLENDER [138/151] assets/models/props/prp_crate_wood.gltf
20:59:50 | INFO: Data are loaded, start creating Blender stuff
20:59:50 | INFO: Blender create Mesh node Cube.017
20:59:50 | INFO: glTF import finished in 0.04s
AUDIT_3D_BLENDER [139/151] assets/models/props/prp_lantern_wall.gltf
20:59:50 | INFO: Data are loaded, start creating Blender stuff
20:59:50 | INFO: Blender create Mesh node Cube.018
20:59:50 | INFO: glTF import finished in 0.06s
AUDIT_3D_BLENDER [140/151] assets/models/props/prp_nightstand.gltf
20:59:50 | INFO: Data are loaded, start creating Blender stuff
20:59:50 | INFO: Blender create Mesh node Cube.131
20:59:50 | INFO: glTF import finished in 0.03s
AUDIT_3D_BLENDER [141/151] assets/models/props/prp_pot.gltf
20:59:50 | INFO: Data are loaded, start creating Blender stuff
20:59:50 | INFO: Blender create Mesh node Cube.049
20:59:50 | INFO: glTF import finished in 0.02s
AUDIT_3D_BLENDER [142/151] assets/models/props/prp_rope.gltf
20:59:50 | INFO: Data are loaded, start creating Blender stuff
20:59:50 | INFO: Blender create Mesh node BezierCurve.004
20:59:51 | INFO: glTF import finished in 0.05s
AUDIT_3D_BLENDER [143/151] assets/models/props/prp_shelf.gltf
20:59:51 | INFO: Data are loaded, start creating Blender stuff
20:59:51 | INFO: Blender create Mesh node Cube.103
20:59:51 | INFO: glTF import finished in 0.04s
AUDIT_3D_BLENDER [144/151] assets/models/props/prp_shelf_arch.gltf
20:59:51 | INFO: Data are loaded, start creating Blender stuff
20:59:51 | INFO: Blender create Mesh node Cylinder.032
20:59:51 | INFO: glTF import finished in 0.08s
AUDIT_3D_BLENDER [145/151] assets/models/props/prp_stall_cart.gltf
20:59:51 | INFO: Data are loaded, start creating Blender stuff
20:59:51 | INFO: Blender create Mesh node Cylinder.094
20:59:51 | INFO: glTF import finished in 0.10s
AUDIT_3D_BLENDER [146/151] assets/models/props/prp_stall_empty.gltf
20:59:51 | INFO: Data are loaded, start creating Blender stuff
20:59:51 | INFO: Blender create Mesh node Cube.212
20:59:51 | INFO: glTF import finished in 0.11s
AUDIT_3D_BLENDER [147/151] assets/models/props/prp_stool.gltf
20:59:51 | INFO: Data are loaded, start creating Blender stuff
20:59:51 | INFO: Blender create Mesh node Cube.097
20:59:51 | INFO: glTF import finished in 0.02s
AUDIT_3D_BLENDER [148/151] assets/models/props/prp_table_large.gltf
20:59:51 | INFO: Data are loaded, start creating Blender stuff
20:59:51 | INFO: Blender create Mesh node Cube.084
20:59:51 | INFO: glTF import finished in 0.04s
AUDIT_3D_BLENDER [149/151] assets/models/props/prp_weapon_rack.gltf
20:59:51 | INFO: Data are loaded, start creating Blender stuff
20:59:51 | INFO: Blender create Mesh node Cube.081
20:59:51 | INFO: glTF import finished in 0.05s
AUDIT_3D_BLENDER [150/151] assets/models/props/prp_weapon_stand.gltf
20:59:51 | INFO: Data are loaded, start creating Blender stuff
20:59:51 | INFO: Blender create Mesh node Cube.081
20:59:51 | INFO: glTF import finished in 0.05s
AUDIT_3D_BLENDER [151/151] assets/models/props/prp_workbench.gltf
20:59:51 | INFO: Data are loaded, start creating Blender stuff
20:59:51 | INFO: Blender create Mesh node Cube.163
20:59:51 | INFO: glTF import finished in 0.05s
Blender 5.1.2 (hash ec6e62d40fa9 built 2026-05-19 01:37:34)
