  SEAM_OK ember_crown.fen_edge:Path_fen_edge_ap1.start <-> ember_crown.wilds_west:Path_wilds_west_ap3.end (0.00 m)
  SEAM_OK ember_crown.hollowreach:Path_hollowreach_ap1.start <-> ember_crown.embermarket:Path_embermarket_ap1.end (0.00 m)
  SEAM_OK ember_crown.hollowreach:Path_hollowreach_ap2.start <-> ember_crown.tarn_landing:Path_tarn_landing_ap3.end (0.00 m)
  SEAM_OK ember_crown.embermarket:Path_embermarket_ap0.start <-> ember_crown.town_hub:Path_town_hub_ap0.end (0.00 m)
  SEAM_OK ember_crown.embermarket:Path_embermarket_ap2.end <-> ember_crown.ashfall_homestead:Path_ashfall_homestead_ap0.start (0.00 m)
  SEAM_OK ember_crown.wilds_west:Path_wilds_west_ap2.start <-> ember_crown.tarn_landing:Path_tarn_landing_ap2.end (0.00 m)
  SEAM_OK ember_crown.tarn_landing:Path_tarn_landing_ap1.start <-> ember_crown.town_hub:Path_town_hub_ap2.end (0.00 m)
  SEAM_OK ember_crown.town_hub:Path_town_hub_ap1.end <-> ember_crown.crossway_post:Path_crossway_post_ap1.start (0.00 m)
  SEAM_OK ember_crown.town_hub:Path_town_hub_ap3.end <-> ember_crown.emberdeep_mine:Path_emberdeep_mine_ap3.start (0.00 m)
  SEAM_OK ember_crown.emberdeep_mine:Path_emberdeep_mine_ap4.end <-> ember_crown.mine_road:Path_mine_road_ap3.start (0.00 m)
  SEAM_OK ember_crown.west_downs:Path_west_downs_ap1.start <-> ember_crown.crossway_post:Path_crossway_post_ap2.end (0.00 m)
  SEAM_OK ember_crown.crossway_post:Path_crossway_post_ap3.end <-> ember_crown.wilds_north:Path_wilds_north_ap0.start (0.00 m)
  SEAM_OK ember_crown.crossway_post:Path_crossway_post_ap4.end <-> ember_crown.mine_road:Path_mine_road_ap2.start (0.00 m)
  SEAM_OK ember_crown.mine_road:Path_mine_road_ap4.end <-> ember_crown.ashen_reach:Path_ashen_reach_ap1.start (0.00 m)
  SEAM_OK ember_crown.north_moor:Path_north_moor_ap1.start <-> ember_crown.wilds_north:Path_wilds_north_ap1.end (0.00 m)
  SEAM_OK ember_crown.wilds_north:Path_wilds_north_ap2.end <-> ember_crown.ashen_reach:Path_ashen_reach_ap2.start (0.00 m)
  SEAM_OK ember_crown.wilds_north:Path_wilds_north_ap3.end <-> ember_crown.frontier_waste:Path_frontier_waste_ap0.start (0.00 m)
  SEAM_OK ember_crown.frontier_waste:Path_frontier_waste_ap1.end <-> ember_crown.arena:Path_arena_ap2.start (0.00 m)
C:\Users\magnu\Embervale\data\regions\EmberCrown.tres: PASS
C:\Users\magnu\Embervale\scenes\regions\ember_crown\fen_edge.tscn: 3 structures, 0 issue(s)
C:\Users\magnu\Embervale\scenes\regions\ember_crown\hollowreach.tscn: 30 structures, 0 issue(s)
C:\Users\magnu\Embervale\scenes\regions\ember_crown\embermarket.tscn: 36 structures, 0 issue(s)
C:\Users\magnu\Embervale\scenes\regions\ember_crown\ashfall_homestead.tscn: 7 structures, 0 issue(s)
C:\Users\magnu\Embervale\scenes\regions\ember_crown\wilds_west.tscn: 4 structures, 0 issue(s)
C:\Users\magnu\Embervale\scenes\regions\ember_crown\tarn_landing.tscn: 17 structures, 0 issue(s)
C:\Users\magnu\Embervale\scenes\regions\ember_crown\town_hub.tscn: 13 structures, 0 issue(s)
C:\Users\magnu\Embervale\scenes\regions\ember_crown\emberdeep_mine.tscn: 29 structures, 0 issue(s)
C:\Users\magnu\Embervale\scenes\regions\ember_crown\west_downs.tscn: 2 structures, 0 issue(s)
C:\Users\magnu\Embervale\scenes\regions\ember_crown\crossway_post.tscn: 14 structures, 0 issue(s)
C:\Users\magnu\Embervale\scenes\regions\ember_crown\mine_road.tscn: 0 structures, 0 issue(s)
C:\Users\magnu\Embervale\scenes\regions\ember_crown\north_moor.tscn: 0 structures, 0 issue(s)
C:\Users\magnu\Embervale\scenes\regions\ember_crown\wilds_north.tscn: 12 structures, 0 issue(s)
C:\Users\magnu\Embervale\scenes\regions\ember_crown\ashen_reach.tscn: 0 structures, 0 issue(s)
C:\Users\magnu\Embervale\scenes\regions\ember_crown\frontier_waste.tscn: 0 structures, 0 issue(s)
C:\Users\magnu\Embervale\scenes\regions\ember_crown\arena.tscn: 18 structures, 0 issue(s)
